Component: ARM Compiler 5.06 update 5 (build 528) Tool: armlink [4d35e2]

==============================================================================

Section Cross References

    main.o(.text) refers to ff.o(.text) for f_opendir
    main.o(.text) refers to malloc.o(.text) for mymalloc
    main.o(.text) refers to exfuns.o(.text) for f_typetell
    main.o(.text) refers to text.o(.text) for Show_Str
    main.o(.text) refers to delay.o(.text) for delay_ms
    main.o(.text) refers to lcd.o(.text) for LCD_Fill
    main.o(.text) refers to menu.o(.text) for System_Funtion
    main.o(.text) refers to strlen.o(.text) for strlen
    main.o(.text) refers to strcpy.o(.text) for strcpy
    main.o(.text) refers to piclib.o(.text) for Draw_Optionsbar
    main.o(.text) refers to strcat.o(.text) for strcat
    main.o(.text) refers to mp3player.o(.text) for mp3_index_show
    main.o(.text) refers to misc.o(.text) for NVIC_PriorityGroupConfig
    main.o(.text) refers to usart.o(.text) for uart_init
    main.o(.text) refers to led.o(.text) for LED_Init
    main.o(.text) refers to vs10xx.o(.text) for VS_Init
    main.o(.text) refers to exti.o(.text) for EXTIX_Init
    main.o(.text) refers to lcd.o(.data) for BackColor
    main.o(.text) refers to main.o(.bss) for .bss
    main.o(.text) refers to lcd.o(.data) for ForeColor
    main.o(.text) refers to lcd.o(.data) for POINT_COLOR
    main.o(.text) refers to mp3player.o(.data) for mp3_state_flag
    main.o(.text) refers to exti.o(.data) for key
    main.o(.text) refers to lcd.o(.bss) for lcddev
    main.o(.text) refers to usmart_config.o(.data) for usmart_dev
    main.o(.text) refers to exfuns.o(.data) for fs
    main.o(.text) refers to fontupd.o(.text) for font_init
    main.o(.text) refers to vs10xx.o(.data) for vsset
    system_stm32f10x.o(.text) refers to system_stm32f10x.o(.data) for .data
    led.o(.text) refers to stm32f10x_rcc.o(.text) for RCC_APB2PeriphClockCmd
    led.o(.text) refers to stm32f10x_gpio.o(.text) for GPIO_Init
    lcd.o(.text) refers to _printf_percent.o(.ARM.Collect$$_printf_percent$$00000000) for _printf_percent
    lcd.o(.text) refers to _printf_x.o(.ARM.Collect$$_printf_percent$$0000000C) for _printf_x
    lcd.o(.text) refers to _printf_hex_int.o(.text) for _printf_longlong_hex
    lcd.o(.text) refers to lcd.o(.bss) for .bss
    lcd.o(.text) refers to dflt_clz.o(x$fpl$dfltu) for __aeabi_ui2d
    lcd.o(.text) refers to dmul.o(x$fpl$dmul) for __aeabi_dmul
    lcd.o(.text) refers to dfixu.o(x$fpl$dfixu) for __aeabi_d2uiz
    lcd.o(.text) refers to lcd.o(.data) for .data
    lcd.o(.text) refers to stm32f10x_rcc.o(.text) for RCC_APB2PeriphClockCmd
    lcd.o(.text) refers to stm32f10x_gpio.o(.text) for GPIO_PinRemapConfig
    lcd.o(.text) refers to delay.o(.text) for delay_ms
    lcd.o(.text) refers to noretval__2printf.o(.text) for __2printf
    lcd.o(.text) refers to lcd.o(.constdata) for .constdata
    key.o(.text) refers to stm32f10x_rcc.o(.text) for RCC_APB2PeriphClockCmd
    key.o(.text) refers to stm32f10x_gpio.o(.text) for GPIO_PinRemapConfig
    key.o(.text) refers to delay.o(.text) for delay_ms
    key.o(.text) refers to key.o(.data) for .data
    spi.o(.text) refers to stm32f10x_spi.o(.text) for SPI_I2S_GetFlagStatus
    spi.o(.text) refers to stm32f10x_rcc.o(.text) for RCC_APB2PeriphClockCmd
    spi.o(.text) refers to stm32f10x_gpio.o(.text) for GPIO_Init
    spi.o(.text) refers to spi.o(.bss) for .bss
    mmc_sd.o(.text) refers to spi.o(.text) for SPI1_ReadWriteByte
    mmc_sd.o(.text) refers to stm32f10x_rcc.o(.text) for RCC_APB2PeriphClockCmd
    mmc_sd.o(.text) refers to stm32f10x_gpio.o(.text) for GPIO_Init
    mmc_sd.o(.text) refers to mmc_sd.o(.data) for .data
    flash.o(.text) refers to spi.o(.text) for SPI1_ReadWriteByte
    flash.o(.text) refers to stm32f10x_rcc.o(.text) for RCC_APB2PeriphClockCmd
    flash.o(.text) refers to stm32f10x_gpio.o(.text) for GPIO_Init
    flash.o(.text) refers to malloc.o(.text) for mymalloc
    flash.o(.text) refers to delay.o(.text) for delay_us
    flash.o(.text) refers to flash.o(.data) for .data
    exti.o(.text) refers to stm32f10x_rcc.o(.text) for RCC_APB2PeriphClockCmd
    exti.o(.text) refers to key.o(.text) for KEY_Init
    exti.o(.text) refers to stm32f10x_gpio.o(.text) for GPIO_EXTILineConfig
    exti.o(.text) refers to stm32f10x_exti.o(.text) for EXTI_Init
    exti.o(.text) refers to misc.o(.text) for NVIC_Init
    exti.o(.text) refers to delay.o(.text) for delay_ms
    exti.o(.text) refers to exti.o(.data) for .data
    vs10xx.o(.text) refers to spi.o(.text) for SPI1_ReadWriteByte
    vs10xx.o(.text) refers to delay.o(.text) for delay_ms
    vs10xx.o(.text) refers to vs10xx.o(.constdata) for .constdata
    vs10xx.o(.text) refers to vs10xx.o(.data) for .data
    delay.o(.text) refers to misc.o(.text) for SysTick_CLKSourceConfig
    delay.o(.text) refers to system_stm32f10x.o(.data) for SystemCoreClock
    delay.o(.text) refers to delay.o(.data) for .data
[...]
    LCD_BGR2RGB                              0x08000c87   Thumb Code    18  lcd.o(.text)
    LCD_SetCursor                            0x08000c99   Thumb Code   568  lcd.o(.text)
    LCD_ReadPoint                            0x08000ed1   Thumb Code    96  lcd.o(.text)
    LCD_DisplayOn                            0x08000f31   Thumb Code    22  lcd.o(.text)
    LCD_DisplayOff                           0x08000f47   Thumb Code    22  lcd.o(.text)
    LCD_Scan_Dir                             0x08000f5d   Thumb Code   646  lcd.o(.text)
    LCD_DrawPoint                            0x080011e3   Thumb Code    40  lcd.o(.text)
    LCD_Fast_DrawPoint                       0x0800120b   Thumb Code   474  lcd.o(.text)
    LCD_SSD_BackLightSet                     0x080013e5   Thumb Code   164  lcd.o(.text)
    LCD_Display_Dir                          0x08001489   Thumb Code   178  lcd.o(.text)
    LCD_Set_Window                           0x0800153b   Thumb Code   626  lcd.o(.text)
    LCD_Clear                                0x080017ad   Thumb Code    60  lcd.o(.text)
    LCD_Init                                 0x080017e9   Thumb Code  9904  lcd.o(.text)
    LCD_Fill                                 0x08003e99   Thumb Code    92  lcd.o(.text)
    LCD_Color_Fill                           0x08003ef5   Thumb Code   108  lcd.o(.text)
    LCD_DrawLine                             0x08003f61   Thumb Code   162  lcd.o(.text)
    LCD_DrawRectangle                        0x08004003   Thumb Code    54  lcd.o(.text)
    LCD_Draw_Circle                          0x08004039   Thumb Code   176  lcd.o(.text)
    LCD_ShowChar                             0x080040e9   Thumb Code   180  lcd.o(.text)
    LCD_Pow                                  0x0800419d   Thumb Code    16  lcd.o(.text)
    LCD_ShowNum                              0x080041ad   Thumb Code   116  lcd.o(.text)
    LCD_ShowxNum                             0x08004221   Thumb Code   130  lcd.o(.text)
    LCD_ShowString                           0x080042a3   Thumb Code    82  lcd.o(.text)
    LCD_Gui_Drawbmp16                        0x080042f5   Thumb Code   112  lcd.o(.text)
    KEY_Init                                 0x08004379   Thumb Code    82  key.o(.text)
    KEY_Scan                                 0x080043cb   Thumb Code   158  key.o(.text)
    SPI1_ReadWriteByte                       0x08004479   Thumb Code    76  spi.o(.text)
    SPI1_Init                                0x080044c5   Thumb Code   110  spi.o(.text)
    SPI1_SetSpeed                            0x08004533   Thumb Code    26  spi.o(.text)
    SD_SPI_ReadWriteByte                     0x08004559   Thumb Code     4  mmc_sd.o(.text)
    SD_SPI_SpeedLow                          0x0800455d   Thumb Code     6  mmc_sd.o(.text)
    SD_SPI_SpeedHigh                         0x08004563   Thumb Code     6  mmc_sd.o(.text)
    SD_SPI_Init                              0x08004569   Thumb Code    60  mmc_sd.o(.text)
    SD_DisSelect                             0x080045a5   Thumb Code    14  mmc_sd.o(.text)
    SD_WaitReady                             0x080045b3   Thumb Code    32  mmc_sd.o(.text)
    SD_Select                                0x080045d3   Thumb Code    26  mmc_sd.o(.text)
    SD_GetResponse                           0x080045ed   Thumb Code    40  mmc_sd.o(.text)
    SD_RecvData                              0x08004615   Thumb Code    50  mmc_sd.o(.text)
    SD_SendBlock                             0x08004647   Thumb Code    80  mmc_sd.o(.text)
    SD_SendCmd                               0x08004697   Thumb Code    94  mmc_sd.o(.text)
    SD_GetCID                                0x080046f5   Thumb Code    42  mmc_sd.o(.text)
    SD_GetCSD                                0x0800471f   Thumb Code    42  mmc_sd.o(.text)
    SD_GetSectorCount                        0x08004749   Thumb Code   110  mmc_sd.o(.text)
    SD_Initialize                            0x080047b7   Thumb Code   340  mmc_sd.o(.text)
    SD_ReadDisk                              0x0800490b   Thumb Code   118  mmc_sd.o(.text)
    SD_WriteDisk                             0x08004981   Thumb Code   124  mmc_sd.o(.text)
    SPI_Flash_ReadID                         0x08004a01   Thumb Code    62  flash.o(.text)
    SPI_Flash_Init                           0x08004a3f   Thumb Code    66  flash.o(.text)
    SPI_Flash_ReadSR                         0x08004a81   Thumb Code    32  flash.o(.text)
    SPI_FLASH_Write_SR                       0x08004aa1   Thumb Code    34  flash.o(.text)
    SPI_FLASH_Write_Enable                   0x08004ac3   Thumb Code    26  flash.o(.text)
    SPI_FLASH_Write_Disable                  0x08004add   Thumb Code    26  flash.o(.text)
    SPI_Flash_Read                           0x08004af7   Thumb Code    76  flash.o(.text)
    SPI_Flash_Wait_Busy                      0x08004b43   Thumb Code    12  flash.o(.text)
    SPI_Flash_Write_Page                     0x08004b4f   Thumb Code    80  flash.o(.text)
    SPI_Flash_Write_NoCheck                  0x08004b9f   Thumb Code    60  flash.o(.text)
    SPI_Flash_Erase_Sector                   0x08004bdb   Thumb Code    62  flash.o(.text)
    SPI_Flash_Write                          0x08004c19   Thumb Code   168  flash.o(.text)
    SPI_Flash_Erase_Chip                     0x08004cc1   Thumb Code    38  flash.o(.text)
    SPI_Flash_PowerDown                      0x08004ce7   Thumb Code    34  flash.o(.text)
    SPI_Flash_WAKEUP                         0x08004d09   Thumb Code    34  flash.o(.text)
    EXTIX_Init                               0x08004d39   Thumb Code   186  exti.o(.text)
    EXTI0_IRQHandler                         0x08004df3   Thumb Code    72  exti.o(.text)
    EXTI9_5_IRQHandler                       0x08004e3b   Thumb Code    34  exti.o(.text)
    EXTI15_10_IRQHandler                     0x08004e5d   Thumb Code    38  exti.o(.text)
    VS_SPI_ReadWriteByte                     0x08004e91   Thumb Code     4  vs10xx.o(.text)
    VS_SPI_SpeedLow                          0x08004e95   Thumb Code     6  vs10xx.o(.text)
    VS_SPI_SpeedHigh                         0x08004e9b   Thumb Code     6  vs10xx.o(.text)
    VS_Init                                  0x08004ea1   Thumb Code    64  vs10xx.o(.text)
    VS_WR_Cmd                                0x08004ee1   Thumb Code    76  vs10xx.o(.text)
    VS_RD_Reg                                0x08004f2d   Thumb Code    84  vs10xx.o(.text)
    VS_Soft_Reset                            0x08004f81   Thumb Code   118  vs10xx.o(.text)
    VS_HD_Reset                              0x08004ff7   Thumb Code    72  vs10xx.o(.text)
    VS_Sine_Test                             0x0800503f   Thumb Code   286  vs10xx.o(.text)
    VS_Ram_Test                              0x0800515d   Thumb Code   106  vs10xx.o(.text)
    VS_WR_Data                               0x080051c7   Thumb Code    34  vs10xx.o(.text)
    VS_WRAM_Read                             0x080051e9   Thumb Code    18  vs10xx.o(.text)
    VS_Set_Speed                             0x080051fb   Thumb Code    34  vs10xx.o(.text)
    VS_Get_HeadInfo                          0x0800521d   Thumb Code   164  vs10xx.o(.text)
    VS_Get_ByteRate                          0x080052c1   Thumb Code     6  vs10xx.o(.text)
    VS_Get_EndFillByte                       0x080052c7   Thumb Code     6  vs10xx.o(.text)
    VS_Send_MusicData                        0x080052cd   Thumb Code    48  vs10xx.o(.text)
    VS_Restart_Play                          0x080052fd   Thumb Code   154  vs10xx.o(.text)
    VS_Reset_DecodeTime                      0x08005397   Thumb Code    20  vs10xx.o(.text)
    VS_Get_DecodeTime                        0x080053ab   Thumb Code     4  vs10xx.o(.text)
    VS_Load_Patch                            0x080053af   Thumb Code    90  vs10xx.o(.text)
    VS_Set_Vol                               0x08005409   Thumb Code    20  vs10xx.o(.text)
    VS_Set_Bass                              0x0800541d   Thumb Code    60  vs10xx.o(.text)
    VS_Set_Effect                            0x08005459   Thumb Code    46  vs10xx.o(.text)
    VS_Set_All                               0x08005487   Thumb Code    30  vs10xx.o(.text)
    delay_init                               0x080054ad   Thumb Code    46  delay.o(.text)
    delay_us                                 0x080054db   Thumb Code    46  delay.o(.text)
    delay_ms                                 0x08005509   Thumb Code    46  delay.o(.text)
    _sys_exit                                0x08005545   Thumb Code     2  usart.o(.text)
    fputc                                    0x08005547   Thumb Code    18  usart.o(.text)
    uart_init                                0x08005559   Thumb Code   152  usart.o(.text)
    USART1_IRQHandler                        0x080055f1   Thumb Code    88  usart.o(.text)
    Reset_Handler                            0x08005659   Thumb Code     8  startup_stm32f10x_hd.o(.text)
    ADC1_2_IRQHandler                        0x08005673   Thumb Code     0  startup_stm32f10x_hd.o(.text)
    ADC3_IRQHandler                          0x08005673   Thumb Code     0  startup_stm32f10x_hd.o(.text)
    CAN1_RX1_IRQHandler                      0x08005673   Thumb Code     0  startup_stm32f10x_hd.o(.text)
    CAN1_SCE_IRQHandler                      0x08005673   Thumb Code     0  startup_stm32f10x_hd.o(.text)
    DMA1_Channel1_IRQHandler                 0x08005673   Thumb Code     0  startup_stm32f10x_hd.o(.text)
    DMA1_Channel2_IRQHandler                 0x08005673   Thumb Code     0  startup_stm32f10x_hd.o(.text)
    DMA1_Channel3_IRQHandler                 0x08005673   Thumb Code     0  startup_stm32f10x_hd.o(.text)
    DMA1_Channel4_IRQHandler                 0x08005673   Thumb Code     0  startup_stm32f10x_hd.o(.text)
    DMA1_Channel5_IRQHandler                 0x08005673   Thumb Code     0  startup_stm32f10x_hd.o(.text)
    DMA1_Channel6_IRQHandler                 0x08005673   Thumb Code     0  startup_stm32f10x_hd.o(.text)
    DMA1_Channel7_IRQHandler                 0x08005673   Thumb Code     0  startup_stm32f10x_hd.o(.text)
    DMA2_Channel1_IRQHandler                 0x08005673   Thumb Code     0  startup_stm32f10x_hd.o(.text)
    DMA2_Channel2_IRQHandler                 0x08005673   Thumb Code     0  startup_stm32f10x_hd.o(.text)
    DMA2_Channel3_IRQHandler                 0x08005673   Thumb Code     0  startup_stm32f10x_hd.o(.text)
    DMA2_Channel4_5_IRQHandler               0x08005673   Thumb Code     0  startup_stm32f10x_hd.o(.text)
    EXTI1_IRQHandler                         0x08005673   Thumb Code     0  startup_stm32f10x_hd.o(.text)
    EXTI2_IRQHandler                         0x08005673   Thumb Code     0  startup_stm32f10x_hd.o(.text)
    EXTI3_IRQHandler                         0x08005673   Thumb Code     0  startup_stm32f10x_hd.o(.text)
    EXTI4_IRQHandler                         0x08005673   Thumb Code     0  startup_stm32f10x_hd.o(.text)
    FLASH_IRQHandler                         0x08005673   Thumb Code     0  startup_stm32f10x_hd.o(.text)
    FSMC_IRQHandler                          0x08005673   Thumb Code     0  startup_stm32f10x_hd.o(.text)
    I2C1_ER_IRQHandler                       0x08005673   Thumb Code     0  startup_stm32f10x_hd.o(.text)
    I2C1_EV_IRQHandler                       0x08005673   Thumb Code     0  startup_stm32f10x_hd.o(.text)
    I2C2_ER_IRQHandler                       0x08005673   Thumb Code     0  startup_stm32f10x_hd.o(.text)
    I2C2_EV_IRQHandler                       0x08005673   Thumb Code     0  startup_stm32f10x_hd.o(.text)
    PVD_IRQHandler                           0x08005673   Thumb Code     0  startup_stm32f10x_hd.o(.text)
    RCC_IRQHandler                           0x08005673   Thumb Code     0  startup_stm32f10x_hd.o(.text)
    RTCAlarm_IRQHandler                      0x08005673   Thumb Code     0  startup_stm32f10x_hd.o(.text)
    RTC_IRQHandler                           0x08005673   Thumb Code     0  startup_stm32f10x_hd.o(.text)
    SDIO_IRQHandler                          0x08005673   Thumb Code     0  startup_stm32f10x_hd.o(.text)
    SPI1_IRQHandler                          0x08005673   Thumb Code     0  startup_stm32f10x_hd.o(.text)
    SPI2_IRQHandler                          0x08005673   Thumb Code     0  startup_stm32f10x_hd.o(.text)
    SPI3_IRQHandler                          0x08005673   Thumb Code     0  startup_stm32f10x_hd.o(.text)
    TAMPER_IRQHandler                        0x08005673   Thumb Code     0  startup_stm32f10x_hd.o(.text)
    TIM1_BRK_IRQHandler                      0x08005673   Thumb Code     0  startup_stm32f10x_hd.o(.text)
    TIM1_CC_IRQHandler                       0x08005673   Thumb Code     0  startup_stm32f10x_hd.o(.text)
    TIM1_TRG_COM_IRQHandler                  0x08005673   Thumb Code     0  startup_stm32f10x_hd.o(.text)
    TIM1_UP_IRQHandler                       0x08005673   Thumb Code     0  startup_stm32f10x_hd.o(.text)
    TIM2_IRQHandler                          0x08005673   Thumb Code     0  startup_stm32f10x_hd.o(.text)
    TIM3_IRQHandler                          0x08005673   Thumb Code     0  startup_stm32f10x_hd.o(.text)
    TIM5_IRQHandler                          0x08005673   Thumb Code     0  startup_stm32f10x_hd.o(.text)
    TIM6_IRQHandler                          0x08005673   Thumb Code     0  startup_stm32f10x_hd.o(.text)
    TIM7_IRQHandler                          0x08005673   Thumb Code     0  startup_stm32f10x_hd.o(.text)
    TIM8_BRK_IRQHandler                      0x08005673   Thumb Code     0  startup_stm32f10x_hd.o(.text)
    TIM8_CC_IRQHandler                       0x08005673   Thumb Code     0  startup_stm32f10x_hd.o(.text)
    TIM8_TRG_COM_IRQHandler                  0x08005673   Thumb Code     0  startup_stm32f10x_hd.o(.text)
    TIM8_UP_IRQHandler                       0x08005673   Thumb Code     0  startup_stm32f10x_hd.o(.text)
    UART4_IRQHandler                         0x08005673   Thumb Code     0  startup_stm32f10x_hd.o(.text)
    UART5_IRQHandler                         0x08005673   Thumb Code     0  startup_stm32f10x_hd.o(.text)
    USART2_IRQHandler                        0x08005673   Thumb Code     0  startup_stm32f10x_hd.o(.text)
    USART3_IRQHandler                        0x08005673   Thumb Code     0  startup_stm32f10x_hd.o(.text)
    USBWakeUp_IRQHandler                     0x08005673   Thumb Code     0  startup_stm32f10x_hd.o(.text)
    USB_HP_CAN1_TX_IRQHandler                0x08005673   Thumb Code     0  startup_stm32f10x_hd.o(.text)
    USB_LP_CAN1_RX0_IRQHandler               0x08005673   Thumb Code     0  startup_stm32f10x_hd.o(.text)
    WWDG_IRQHandler                          0x08005673   Thumb Code     0  startup_stm32f10x_hd.o(.text)
    __user_initial_stackheap                 0x08005675   Thumb Code     0  startup_stm32f10x_hd.o(.text)
    GPIO_DeInit                              0x08005699   Thumb Code   152  stm32f10x_gpio.o(.text)
    GPIO_AFIODeInit                          0x08005731   Thumb Code    22  stm32f10x_gpio.o(.text)
    GPIO_Init                                0x08005747   Thumb Code   156  stm32f10x_gpio.o(.text)
    GPIO_StructInit                          0x080057e3   Thumb Code    16  stm32f10x_gpio.o(.text)
    GPIO_ReadInputDataBit                    0x080057f3   Thumb Code    14  stm32f10x_gpio.o(.text)
    GPIO_ReadInputData                       0x08005801   Thumb Code     6  stm32f10x_gpio.o(.text)
    GPIO_ReadOutputDataBit                   0x08005807   Thumb Code    14  stm32f10x_gpio.o(.text)
    GPIO_ReadOutputData                      0x08005815   Thumb Code     6  stm32f10x_gpio.o(.text)
    GPIO_SetBits                             0x0800581b   Thumb Code     4  stm32f10x_gpio.o(.text)
    GPIO_ResetBits                           0x0800581f   Thumb Code     4  stm32f10x_gpio.o(.text)
    GPIO_WriteBit                            0x08005823   Thumb Code    10  stm32f10x_gpio.o(.text)
    GPIO_Write                               0x0800582d   Thumb Code     4  stm32f10x_gpio.o(.text)
    GPIO_PinLockConfig                       0x08005831   Thumb Code    16  stm32f10x_gpio.o(.text)
    GPIO_EventOutputConfig                   0x08005841   Thumb Code    22  stm32f10x_gpio.o(.text)
    GPIO_EventOutputCmd                      0x08005857   Thumb Code     6  stm32f10x_gpio.o(.text)
    GPIO_PinRemapConfig                      0x0800585d   Thumb Code    82  stm32f10x_gpio.o(.text)
    GPIO_EXTILineConfig                      0x080058af   Thumb Code    34  stm32f10x_gpio.o(.text)
    GPIO_ETH_MediaInterfaceConfig            0x080058d1   Thumb Code     8  stm32f10x_gpio.o(.text)
    RCC_DeInit                               0x080058fd   Thumb Code    50  stm32f10x_rcc.o(.text)
    RCC_HSEConfig                            0x0800592f   Thumb Code    48  stm32f10x_rcc.o(.text)
    RCC_GetFlagStatus                        0x0800595f   Thumb Code    42  stm32f10x_rcc.o(.text)
    RCC_WaitForHSEStartUp                    0x08005989   Thumb Code    44  stm32f10x_rcc.o(.text)
    RCC_AdjustHSICalibrationValue            0x080059b5   Thumb Code    16  stm32f10x_rcc.o(.text)
    RCC_HSICmd                               0x080059c5   Thumb Code     6  stm32f10x_rcc.o(.text)
    RCC_PLLConfig                            0x080059cb   Thumb Code    16  stm32f10x_rcc.o(.text)
    RCC_PLLCmd                               0x080059db   Thumb Code     6  stm32f10x_rcc.o(.text)
    RCC_SYSCLKConfig                         0x080059e1   Thumb Code    14  stm32f10x_rcc.o(.text)
    RCC_GetSYSCLKSource                      0x080059ef   Thumb Code    10  stm32f10x_rcc.o(.text)
    RCC_HCLKConfig                           0x080059f9   Thumb Code    14  stm32f10x_rcc.o(.text)
    RCC_PCLK1Config                          0x08005a07   Thumb Code    14  stm32f10x_rcc.o(.text)
    RCC_PCLK2Config                          0x08005a15   Thumb Code    16  stm32f10x_rcc.o(.text)
    RCC_ITConfig                             0x08005a25   Thumb Code    18  stm32f10x_rcc.o(.text)
    RCC_USBCLKConfig                         0x08005a37   Thumb Code     8  stm32f10x_rcc.o(.text)
    RCC_ADCCLKConfig                         0x08005a3f   Thumb Code    14  stm32f10x_rcc.o(.text)
    RCC_LSEConfig                            0x08005a4d   Thumb Code    28  stm32f10x_rcc.o(.text)
    RCC_LSICmd                               0x08005a69   Thumb Code     6  stm32f10x_rcc.o(.text)
    RCC_RTCCLKConfig                         0x08005a6f   Thumb Code    10  stm32f10x_rcc.o(.text)
    RCC_RTCCLKCmd                            0x08005a79   Thumb Code     8  stm32f10x_rcc.o(.text)
    RCC_GetClocksFreq                        0x08005a81   Thumb Code   132  stm32f10x_rcc.o(.text)
    RCC_AHBPeriphClockCmd                    0x08005b05   Thumb Code    18  stm32f10x_rcc.o(.text)
    RCC_APB2PeriphClockCmd                   0x08005b17   Thumb Code    18  stm32f10x_rcc.o(.text)
    RCC_APB1PeriphClockCmd                   0x08005b29   Thumb Code    18  stm32f10x_rcc.o(.text)
    RCC_APB2PeriphResetCmd                   0x08005b3b   Thumb Code    18  stm32f10x_rcc.o(.text)
    RCC_APB1PeriphResetCmd                   0x08005b4d   Thumb Code    18  stm32f10x_rcc.o(.text)
    RCC_BackupResetCmd                       0x08005b5f   Thumb Code     8  stm32f10x_rcc.o(.text)
    RCC_ClockSecuritySystemCmd               0x08005b67   Thumb Code     6  stm32f10x_rcc.o(.text)
    RCC_MCOConfig                            0x08005b6d   Thumb Code     6  stm32f10x_rcc.o(.text)
    RCC_ClearFlag                            0x08005b73   Thumb Code    12  stm32f10x_rcc.o(.text)
    RCC_GetITStatus                          0x08005b7f   Thumb Code    16  stm32f10x_rcc.o(.text)
    RCC_ClearITPendingBit                    0x08005b8f   Thumb Code     6  stm32f10x_rcc.o(.text)
    USART_DeInit                             0x08005bb5   Thumb Code    96  stm32f10x_usart.o(.text)
    USART_Init                               0x08005c15   Thumb Code   166  stm32f10x_usart.o(.text)
    USART_StructInit                         0x08005cbb   Thumb Code    22  stm32f10x_usart.o(.text)
    USART_ClockInit                          0x08005cd1   Thumb Code    30  stm32f10x_usart.o(.text)
    USART_ClockStructInit                    0x08005cef   Thumb Code    12  stm32f10x_usart.o(.text)
    USART_Cmd                                0x08005cfb   Thumb Code    20  stm32f10x_usart.o(.text)
    USART_ITConfig                           0x08005d0f   Thumb Code    48  stm32f10x_usart.o(.text)
    USART_DMACmd                             0x08005d3f   Thumb Code    16  stm32f10x_usart.o(.text)
    USART_SetAddress                         0x08005d4f   Thumb Code    16  stm32f10x_usart.o(.text)
    USART_WakeUpConfig                       0x08005d5f   Thumb Code    16  stm32f10x_usart.o(.text)
    USART_ReceiverWakeUpCmd                  0x08005d6f   Thumb Code    20  stm32f10x_usart.o(.text)
    USART_LINBreakDetectLengthConfig         0x08005d83   Thumb Code    16  stm32f10x_usart.o(.text)
    USART_LINCmd                             0x08005d93   Thumb Code    20  stm32f10x_usart.o(.text)
    USART_SendData                           0x08005da7   Thumb Code     8  stm32f10x_usart.o(.text)
    USART_ReceiveData                        0x08005daf   Thumb Code     8  stm32f10x_usart.o(.text)
    USART_SendBreak                          0x08005db7   Thumb Code    10  stm32f10x_usart.o(.text)
    USART_SetGuardTime                       0x08005dc1   Thumb Code    16  stm32f10x_usart.o(.text)
    USART_SetPrescaler                       0x08005dd1   Thumb Code    16  stm32f10x_usart.o(.text)
    USART_SmartCardCmd                       0x08005de1   Thumb Code    20  stm32f10x_usart.o(.text)
    USART_SmartCardNACKCmd                   0x08005df5   Thumb Code    20  stm32f10x_usart.o(.text)
    USART_HalfDuplexCmd                      0x08005e09   Thumb Code    20  stm32f10x_usart.o(.text)
    USART_OverSampling8Cmd                   0x08005e1d   Thumb Code    20  stm32f10x_usart.o(.text)
    USART_OneBitMethodCmd                    0x08005e31   Thumb Code    20  stm32f10x_usart.o(.text)
    USART_IrDAConfig                         0x08005e45   Thumb Code    16  stm32f10x_usart.o(.text)
    USART_IrDACmd                            0x08005e55   Thumb Code    20  stm32f10x_usart.o(.text)
    USART_GetFlagStatus                      0x08005e69   Thumb Code    14  stm32f10x_usart.o(.text)
    USART_ClearFlag                          0x08005e77   Thumb Code     6  stm32f10x_usart.o(.text)
    USART_GetITStatus                        0x08005e7d   Thumb Code    62  stm32f10x_usart.o(.text)
    USART_ClearITPendingBit                  0x08005ebb   Thumb Code    12  stm32f10x_usart.o(.text)
    NVIC_PriorityGroupConfig                 0x08005edd   Thumb Code    10  misc.o(.text)
    NVIC_Init                                0x08005ee7   Thumb Code    94  misc.o(.text)
    NVIC_SetVectorTable                      0x08005f45   Thumb Code    14  misc.o(.text)
    NVIC_SystemLPConfig                      0x08005f53   Thumb Code    20  misc.o(.text)
    SysTick_CLKSourceConfig                  0x08005f67   Thumb Code    24  misc.o(.text)
    SPI_I2S_DeInit                           0x08005f8d   Thumb Code    72  stm32f10x_spi.o(.text)
    SPI_Init                                 0x08005fd5   Thumb Code    56  stm32f10x_spi.o(.text)
    I2S_Init                                 0x0800600d   Thumb Code   150  stm32f10x_spi.o(.text)
    SPI_StructInit                           0x080060a3   Thumb Code    24  stm32f10x_spi.o(.text)
    I2S_StructInit                           0x080060bb   Thumb Code    18  stm32f10x_spi.o(.text)
    SPI_Cmd                                  0x080060cd   Thumb Code    20  stm32f10x_spi.o(.text)
    I2S_Cmd                                  0x080060e1   Thumb Code    20  stm32f10x_spi.o(.text)
    SPI_I2S_ITConfig                         0x080060f5   Thumb Code    24  stm32f10x_spi.o(.text)
    SPI_I2S_DMACmd                           0x0800610d   Thumb Code    16  stm32f10x_spi.o(.text)
    SPI_I2S_SendData                         0x0800611d   Thumb Code     4  stm32f10x_spi.o(.text)
    SPI_I2S_ReceiveData                      0x08006121   Thumb Code     4  stm32f10x_spi.o(.text)
    SPI_NSSInternalSoftwareConfig            0x08006125   Thumb Code    24  stm32f10x_spi.o(.text)
    SPI_SSOutputCmd                          0x0800613d   Thumb Code    20  stm32f10x_spi.o(.text)
    SPI_DataSizeConfig                       0x08006151   Thumb Code    16  stm32f10x_spi.o(.text)
    SPI_TransmitCRC                          0x08006161   Thumb Code    10  stm32f10x_spi.o(.text)
    SPI_CalculateCRC                         0x0800616b   Thumb Code    20  stm32f10x_spi.o(.text)
    SPI_GetCRC                               0x0800617f   Thumb Code    12  stm32f10x_spi.o(.text)
    SPI_GetCRCPolynomial                     0x0800618b   Thumb Code     4  stm32f10x_spi.o(.text)
    SPI_BiDirectionalLineConfig              0x0800618f   Thumb Code    22  stm32f10x_spi.o(.text)
    SPI_I2S_GetFlagStatus                    0x080061a5   Thumb Code    14  stm32f10x_spi.o(.text)
    SPI_I2S_ClearFlag                        0x080061b3   Thumb Code     6  stm32f10x_spi.o(.text)
    SPI_I2S_GetITStatus                      0x080061b9   Thumb Code    44  stm32f10x_spi.o(.text)
    SPI_I2S_ClearITPendingBit                0x080061e5   Thumb Code    14  stm32f10x_spi.o(.text)
    TIM_DeInit                               0x08006201   Thumb Code   304  stm32f10x_tim.o(.text)
    TIM_TimeBaseInit                         0x08006331   Thumb Code   114  stm32f10x_tim.o(.text)
    TIM_OC1Init                              0x080063a3   Thumb Code   106  stm32f10x_tim.o(.text)
    TIM_OC2Init                              0x0800640d   Thumb Code   120  stm32f10x_tim.o(.text)
    TIM_OC3Init                              0x08006485   Thumb Code   116  stm32f10x_tim.o(.text)
    TIM_OC4Init                              0x080064f9   Thumb Code    90  stm32f10x_tim.o(.text)
    TIM_SetIC4Prescaler                      0x08006553   Thumb Code    24  stm32f10x_tim.o(.text)
    TIM_SetIC3Prescaler                      0x0800656b   Thumb Code    16  stm32f10x_tim.o(.text)
    TIM_SetIC2Prescaler                      0x0800657b   Thumb Code    24  stm32f10x_tim.o(.text)
    TIM_SetIC1Prescaler                      0x08006639   Thumb Code    16  stm32f10x_tim.o(.text)
    TIM_ICInit                               0x080066a1   Thumb Code   270  stm32f10x_tim.o(.text)
    TIM_PWMIConfig                           0x080067af   Thumb Code   104  stm32f10x_tim.o(.text)
    TIM_BDTRConfig                           0x08006817   Thumb Code    34  stm32f10x_tim.o(.text)
    TIM_TimeBaseStructInit                   0x08006839   Thumb Code    18  stm32f10x_tim.o(.text)
    TIM_OCStructInit                         0x0800684b   Thumb Code    20  stm32f10x_tim.o(.text)
    TIM_ICStructInit                         0x0800685f   Thumb Code    16  stm32f10x_tim.o(.text)
    TIM_BDTRStructInit                       0x0800686f   Thumb Code    18  stm32f10x_tim.o(.text)
    TIM_Cmd                                  0x08006881   Thumb Code    20  stm32f10x_tim.o(.text)
    TIM_CtrlPWMOutputs                       0x08006895   Thumb Code    22  stm32f10x_tim.o(.text)
    TIM_ITConfig                             0x080068ab   Thumb Code    16  stm32f10x_tim.o(.text)
    TIM_GenerateEvent                        0x080068bb   Thumb Code     4  stm32f10x_tim.o(.text)
    TIM_DMAConfig                            0x080068bf   Thumb Code     8  stm32f10x_tim.o(.text)
    TIM_DMACmd                               0x080068c7   Thumb Code    16  stm32f10x_tim.o(.text)
    TIM_InternalClockConfig                  0x080068d7   Thumb Code    10  stm32f10x_tim.o(.text)
    TIM_SelectInputTrigger                   0x080068e1   Thumb Code    12  stm32f10x_tim.o(.text)
    TIM_ITRxExternalClockConfig              0x080068ed   Thumb Code    18  stm32f10x_tim.o(.text)
    TIM_TIxExternalClockConfig               0x080068ff   Thumb Code    46  stm32f10x_tim.o(.text)
    TIM_ETRConfig                            0x0800692d   Thumb Code    24  stm32f10x_tim.o(.text)
    TIM_ETRClockMode1Config                  0x08006945   Thumb Code    18  stm32f10x_tim.o(.text)
    TIM_ETRClockMode2Config                  0x08006957   Thumb Code    18  stm32f10x_tim.o(.text)
    TIM_PrescalerConfig                      0x08006969   Thumb Code     6  stm32f10x_tim.o(.text)
    TIM_CounterModeConfig                    0x0800696f   Thumb Code    12  stm32f10x_tim.o(.text)
    TIM_EncoderInterfaceConfig               0x0800697b   Thumb Code    50  stm32f10x_tim.o(.text)
    TIM_ForcedOC1Config                      0x080069ad   Thumb Code    12  stm32f10x_tim.o(.text)
    TIM_ForcedOC2Config                      0x080069b9   Thumb Code    20  stm32f10x_tim.o(.text)
    TIM_ForcedOC3Config                      0x080069cd   Thumb Code    12  stm32f10x_tim.o(.text)
    TIM_ForcedOC4Config                      0x080069d9   Thumb Code    20  stm32f10x_tim.o(.text)
    TIM_ARRPreloadConfig                     0x080069ed   Thumb Code    20  stm32f10x_tim.o(.text)
    TIM_SelectCOM                            0x08006a01   Thumb Code    20  stm32f10x_tim.o(.text)
    TIM_SelectCCDMA                          0x08006a15   Thumb Code    20  stm32f10x_tim.o(.text)
    TIM_CCPreloadControl                     0x08006a29   Thumb Code    20  stm32f10x_tim.o(.text)
    TIM_OC1PreloadConfig                     0x08006a3d   Thumb Code    32  stm32f10x_tim.o(.text)
    TIM_OC2PreloadConfig                     0x08006a5d   Thumb Code    20  stm32f10x_tim.o(.text)
    TIM_OC3PreloadConfig                     0x08006a71   Thumb Code    12  stm32f10x_tim.o(.text)
    TIM_OC4PreloadConfig                     0x08006a7d   Thumb Code    20  stm32f10x_tim.o(.text)
    TIM_OC1FastConfig                        0x08006a91   Thumb Code    12  stm32f10x_tim.o(.text)
    TIM_OC2FastConfig                        0x08006a9d   Thumb Code    20  stm32f10x_tim.o(.text)
    TIM_OC3FastConfig                        0x08006ab1   Thumb Code    12  stm32f10x_tim.o(.text)
    TIM_OC4FastConfig                        0x08006abd   Thumb Code    20  stm32f10x_tim.o(.text)
    TIM_ClearOC1Ref                          0x08006ad1   Thumb Code    12  stm32f10x_tim.o(.text)
    TIM_ClearOC2Ref                          0x08006add   Thumb Code    20  stm32f10x_tim.o(.text)
    TIM_ClearOC3Ref                          0x08006af1   Thumb Code    12  stm32f10x_tim.o(.text)
    TIM_ClearOC4Ref                          0x08006afd   Thumb Code    20  stm32f10x_tim.o(.text)
    TIM_OC1PolarityConfig                    0x08006b11   Thumb Code    12  stm32f10x_tim.o(.text)
    TIM_OC1NPolarityConfig                   0x08006b1d   Thumb Code    12  stm32f10x_tim.o(.text)
    TIM_OC2PolarityConfig                    0x08006b29   Thumb Code    20  stm32f10x_tim.o(.text)
    TIM_OC2NPolarityConfig                   0x08006b3d   Thumb Code    20  stm32f10x_tim.o(.text)
    TIM_OC3PolarityConfig                    0x08006b51   Thumb Code    20  stm32f10x_tim.o(.text)
    TIM_OC3NPolarityConfig                   0x08006b65   Thumb Code    20  stm32f10x_tim.o(.text)
    TIM_OC4PolarityConfig                    0x08006b79   Thumb Code    20  stm32f10x_tim.o(.text)
    TIM_CCxCmd                               0x08006b8d   Thumb Code    22  stm32f10x_tim.o(.text)
    TIM_CCxNCmd                              0x08006ba3   Thumb Code    22  stm32f10x_tim.o(.text)
    TIM_SelectOCxM                           0x08006bb9   Thumb Code    70  stm32f10x_tim.o(.text)
    TIM_UpdateDisableConfig                  0x08006bff   Thumb Code    20  stm32f10x_tim.o(.text)
    TIM_UpdateRequestConfig                  0x08006c13   Thumb Code    20  stm32f10x_tim.o(.text)
    TIM_SelectHallSensor                     0x08006c27   Thumb Code    20  stm32f10x_tim.o(.text)
    TIM_SelectOnePulseMode                   0x08006c3b   Thumb Code    16  stm32f10x_tim.o(.text)
    TIM_SelectOutputTrigger                  0x08006c4b   Thumb Code    16  stm32f10x_tim.o(.text)
    TIM_SelectSlaveMode                      0x08006c5b   Thumb Code    16  stm32f10x_tim.o(.text)
    TIM_SelectMasterSlaveMode                0x08006c6b   Thumb Code    16  stm32f10x_tim.o(.text)
    TIM_SetCounter                           0x08006c7b   Thumb Code     4  stm32f10x_tim.o(.text)
    TIM_SetAutoreload                        0x08006c7f   Thumb Code     4  stm32f10x_tim.o(.text)
    TIM_SetCompare1                          0x08006c83   Thumb Code     4  stm32f10x_tim.o(.text)
    TIM_SetCompare2                          0x08006c87   Thumb Code     4  stm32f10x_tim.o(.text)
    TIM_SetCompare3                          0x08006c8b   Thumb Code     4  stm32f10x_tim.o(.text)
    TIM_SetCompare4                          0x08006c8f   Thumb Code     6  stm32f10x_tim.o(.text)
    TIM_SetClockDivision                     0x08006c95   Thumb Code    16  stm32f10x_tim.o(.text)
    TIM_GetCapture1                          0x08006ca5   Thumb Code     4  stm32f10x_tim.o(.text)
    TIM_GetCapture2                          0x08006ca9   Thumb Code     4  stm32f10x_tim.o(.text)
    TIM_GetCapture3                          0x08006cad   Thumb Code     4  stm32f10x_tim.o(.text)
    TIM_GetCapture4                          0x08006cb1   Thumb Code     6  stm32f10x_tim.o(.text)
    TIM_GetCounter                           0x08006cb7   Thumb Code     4  stm32f10x_tim.o(.text)
    TIM_GetPrescaler                         0x08006cbb   Thumb Code     4  stm32f10x_tim.o(.text)
    TIM_GetFlagStatus                        0x08006cbf   Thumb Code    14  stm32f10x_tim.o(.text)
    TIM_ClearFlag                            0x08006ccd   Thumb Code     6  stm32f10x_tim.o(.text)
    TIM_GetITStatus                          0x08006cd3   Thumb Code    24  stm32f10x_tim.o(.text)
    TIM_ClearITPendingBit                    0x08006ceb   Thumb Code     6  stm32f10x_tim.o(.text)
    EXTI_DeInit                              0x08006cf1   Thumb Code    28  stm32f10x_exti.o(.text)
    EXTI_Init                                0x08006d0d   Thumb Code   108  stm32f10x_exti.o(.text)
    EXTI_StructInit                          0x08006d79   Thumb Code    14  stm32f10x_exti.o(.text)
    EXTI_GenerateSWInterrupt                 0x08006d87   Thumb Code    12  stm32f10x_exti.o(.text)
    EXTI_GetFlagStatus                       0x08006d93   Thumb Code    18  stm32f10x_exti.o(.text)
    EXTI_ClearFlag                           0x08006da5   Thumb Code     8  stm32f10x_exti.o(.text)
    EXTI_GetITStatus                         0x08006dad   Thumb Code    28  stm32f10x_exti.o(.text)
    EXTI_ClearITPendingBit                   0x08006dc9   Thumb Code     8  stm32f10x_exti.o(.text)
    mymemcpy                                 0x08006dd9   Thumb Code    16  malloc.o(.text)
    mymemset                                 0x08006de9   Thumb Code    12  malloc.o(.text)
    mem_init                                 0x08006df5   Thumb Code    34  malloc.o(.text)
    mem_perused                              0x08006e17   Thumb Code    40  malloc.o(.text)
    mem_malloc                               0x08006e3f   Thumb Code    88  malloc.o(.text)
    mem_free                                 0x08006e97   Thumb Code    58  malloc.o(.text)
    myfree                                   0x08006ed1   Thumb Code    14  malloc.o(.text)
    mymalloc                                 0x08006edf   Thumb Code    22  malloc.o(.text)
    myrealloc                                0x08006ef5   Thumb Code    48  malloc.o(.text)
    usmart_sys_cmd_exe                       0x08006f29   Thumb Code  1442  usmart.o(.text)
    usmart_reset_runtime                     0x080074cb   Thumb Code    36  usmart.o(.text)
    usmart_get_runtime                       0x080074ef   Thumb Code    38  usmart.o(.text)
    TIM4_IRQHandler                          0x08007515   Thumb Code    44  usmart.o(.text)
    Timer4_Init                              0x08007541   Thumb Code    92  usmart.o(.text)
    usmart_init                              0x0800759d   Thumb Code    36  usmart.o(.text)
    usmart_cmd_rec                           0x080075c1   Thumb Code   144  usmart.o(.text)
    usmart_exe                               0x08007651   Thumb Code   806  usmart.o(.text)
    usmart_scan                              0x08007977   Thumb Code    92  usmart.o(.text)
    read_addr                                0x080079d3   Thumb Code     4  usmart.o(.text)
    write_addr                               0x080079d7   Thumb Code     4  usmart.o(.text)
    usmart_strcmp                            0x08007a35   Thumb Code    24  usmart_str.o(.text)
    usmart_strcopy                           0x08007a4d   Thumb Code    18  usmart_str.o(.text)
    usmart_strlen                            0x08007a5f   Thumb Code    18  usmart_str.o(.text)
    usmart_pow                               0x08007a71   Thumb Code    16  usmart_str.o(.text)
    usmart_str2num                           0x08007a81   Thumb Code   158  usmart_str.o(.text)
    usmart_get_cmdname                       0x08007b1f   Thumb Code    46  usmart_str.o(.text)
    usmart_search_nextc                      0x08007b4d   Thumb Code    16  usmart_str.o(.text)
    usmart_get_fname                         0x08007b5d   Thumb Code   356  usmart_str.o(.text)
    usmart_get_aparm                         0x08007cc1   Thumb Code   156  usmart_str.o(.text)
    usmart_get_parmpos                       0x08007d5d   Thumb Code    30  usmart_str.o(.text)
    usmart_get_fparam                        0x08007d7b   Thumb Code   206  usmart_str.o(.text)
    exfuns_init                              0x08007e55   Thumb Code    84  exfuns.o(.text)
    char_upper                               0x08007ea9   Thumb Code    14  exfuns.o(.text)
    f_typetell                               0x08007eb7   Thumb Code   140  exfuns.o(.text)
    exf_getfree                              0x08007f43   Thumb Code    46  exfuns.o(.text)
    mf_mount                                 0x08007f75   Thumb Code    14  fattester.o(.text)
    mf_open                                  0x08007f83   Thumb Code    12  fattester.o(.text)
    mf_close                                 0x08007f8f   Thumb Code    14  fattester.o(.text)
    mf_read                                  0x08007f9d   Thumb Code   210  fattester.o(.text)
    mf_write                                 0x0800806f   Thumb Code    64  fattester.o(.text)
    mf_opendir                               0x080080af   Thumb Code     8  fattester.o(.text)
    mf_closedir                              0x080080b7   Thumb Code     6  fattester.o(.text)
    mf_readdir                               0x080080bd   Thumb Code   164  fattester.o(.text)
    mf_scan_files                            0x08008161   Thumb Code    96  fattester.o(.text)
    mf_showfree                              0x080081c1   Thumb Code    64  fattester.o(.text)
    mf_lseek                                 0x08008201   Thumb Code    10  fattester.o(.text)
    mf_tell                                  0x0800820b   Thumb Code     8  fattester.o(.text)
    mf_size                                  0x08008213   Thumb Code     8  fattester.o(.text)
    mf_mkdir                                 0x0800821b   Thumb Code     4  fattester.o(.text)
    mf_fmkfs                                 0x0800821f   Thumb Code     4  fattester.o(.text)
    mf_unlink                                0x08008223   Thumb Code     4  fattester.o(.text)
    mf_rename                                0x08008227   Thumb Code     4  fattester.o(.text)
    mf_getlabel                              0x0800822b   Thumb Code    56  fattester.o(.text)
    mf_setlabel                              0x08008263   Thumb Code    28  fattester.o(.text)
    mf_gets                                  0x0800827f   Thumb Code    36  fattester.o(.text)
    mf_putc                                  0x080082a3   Thumb Code    14  fattester.o(.text)
    mf_puts                                  0x080082b1   Thumb Code    14  fattester.o(.text)
    disk_initialize                          0x0800856d   Thumb Code    66  diskio.o(.text)
    disk_status                              0x080085af   Thumb Code     4  diskio.o(.text)
    disk_read                                0x080085b3   Thumb Code    86  diskio.o(.text)
    disk_write                               0x08008609   Thumb Code    70  diskio.o(.text)
    disk_ioctl                               0x0800864f   Thumb Code    96  diskio.o(.text)
    get_fattime                              0x080086af   Thumb Code     4  diskio.o(.text)
    ff_memalloc                              0x080086b3   Thumb Code     4  diskio.o(.text)
    ff_memfree                               0x080086b7   Thumb Code     4  diskio.o(.text)
    clust2sect                               0x080087f7   Thumb Code    24  ff.o(.text)
    get_fat                                  0x0800880f   Thumb Code   180  ff.o(.text)
    put_fat                                  0x080088c3   Thumb Code   248  ff.o(.text)
    dir_sdi                                  0x08008adb   Thumb Code   124  ff.o(.text)
    f_mount                                  0x08009681   Thumb Code    74  ff.o(.text)
    f_open                                   0x080096cb   Thumb Code   344  ff.o(.text)
    f_read                                   0x08009823   Thumb Code   328  ff.o(.text)
    f_write                                  0x0800996b   Thumb Code   398  ff.o(.text)
    f_sync                                   0x08009af9   Thumb Code   152  ff.o(.text)
    f_close                                  0x08009b91   Thumb Code    28  ff.o(.text)
    f_lseek                                  0x08009bad   Thumb Code   510  ff.o(.text)
    f_opendir                                0x08009dab   Thumb Code   128  ff.o(.text)
    f_closedir                               0x08009e2b   Thumb Code    18  ff.o(.text)
    f_readdir                                0x08009e3d   Thumb Code   116  ff.o(.text)
    f_stat                                   0x08009eb1   Thumb Code    86  ff.o(.text)
    f_getfree                                0x08009f07   Thumb Code   192  ff.o(.text)
    f_truncate                               0x08009fc7   Thumb Code   176  ff.o(.text)
    f_unlink                                 0x0800a077   Thumb Code   190  ff.o(.text)
    f_mkdir                                  0x0800a135   Thumb Code   384  ff.o(.text)
    f_chmod                                  0x0800a2b5   Thumb Code   106  ff.o(.text)
    f_utime                                  0x0800a31f   Thumb Code   108  ff.o(.text)
    f_rename                                 0x0800a38b   Thumb Code   292  ff.o(.text)
    f_getlabel                               0x0800a4af   Thumb Code   142  ff.o(.text)
    f_setlabel                               0x0800a53d   Thumb Code   346  ff.o(.text)
    f_mkfs                                   0x0800a697   Thumb Code  1314  ff.o(.text)
    f_gets                                   0x0800abb9   Thumb Code    68  ff.o(.text)
    f_putc                                   0x0800ac37   Thumb Code    60  ff.o(.text)
    f_puts                                   0x0800ac73   Thumb Code    70  ff.o(.text)
    f_printf                                 0x0800acb9   Thumb Code   510  ff.o(.text)
    ff_convert                               0x0800afad   Thumb Code    68  cc936.o(.text)
    ff_wtoupper                              0x0800aff1   Thumb Code    28  cc936.o(.text)
    fupd_prog                                0x0800b01d   Thumb Code   110  fontupd.o(.text)
    updata_fontx                             0x0800b08b   Thumb Code   224  fontupd.o(.text)
    update_font                              0x0800b16b   Thumb Code   252  fontupd.o(.text)
    font_init                                0x0800b267   Thumb Code    34  fontupd.o(.text)
    Get_HzMat                                0x0800b2fd   Thumb Code   142  text.o(.text)
    Show_Font                                0x0800b38b   Thumb Code   154  text.o(.text)
    Show_Str                                 0x0800b425   Thumb Code   178  text.o(.text)
    Str_rSTRLin                              0x0800b4d7   Thumb Code   166  text.o(.text)
    Show_Str_rSTRLin                         0x0800b57d   Thumb Code   190  text.o(.text)
    Show_Str_Mid                             0x0800b63b   Thumb Code    82  text.o(.text)
    file_path_break                          0x0800b68d   Thumb Code    26  text.o(.text)
    Chinese2Char                             0x0800b6a7   Thumb Code    70  text.o(.text)
    Shorten_Long_Str                         0x0800b6ed   Thumb Code    96  text.o(.text)
    process_from_txt                         0x0800b74d   Thumb Code   822  text.o(.text)
    stdbmp_decode                            0x0800bad1   Thumb Code   518  bmp.o(.text)
    minibmp_decode                           0x0800bcd7   Thumb Code   726  bmp.o(.text)
    bmp_encode                               0x0800bfad   Thumb Code   412  bmp.o(.text)
    gif_check_head                           0x0800c155   Thumb Code    78  gif.o(.text)
    gif_getrgb565                            0x0800c1a3   Thumb Code    24  gif.o(.text)
    gif_readcolortbl                         0x0800c1bb   Thumb Code    58  gif.o(.text)
    gif_getinfo                              0x0800c1f5   Thumb Code    54  gif.o(.text)
    gif_savegctbl                            0x0800c22b   Thumb Code    22  gif.o(.text)
    gif_recovergctbl                         0x0800c241   Thumb Code    22  gif.o(.text)
    gif_initlzw                              0x0800c257   Thumb Code   138  gif.o(.text)
    gif_getdatablock                         0x0800c2e1   Thumb Code    58  gif.o(.text)
    gif_readextension                        0x0800c31b   Thumb Code   130  gif.o(.text)
    gif_getnextcode                          0x0800c39d   Thumb Code   288  gif.o(.text)
    gif_getnextbyte                          0x0800c4bd   Thumb Code   572  gif.o(.text)
    gif_dispimage                            0x0800c6f9   Thumb Code   420  gif.o(.text)
    gif_clear2bkcolor                        0x0800c89d   Thumb Code   324  gif.o(.text)
    gif_drawimage                            0x0800c9e1   Thumb Code   284  gif.o(.text)
    gif_quit                                 0x0800cafd   Thumb Code     8  gif.o(.text)
    gif_decode                               0x0800cb05   Thumb Code   298  gif.o(.text)
    piclib_draw_hline                        0x0800cc3d   Thumb Code    38  piclib.o(.text)
    piclib_fill_color                        0x0800cc63   Thumb Code    24  piclib.o(.text)
    piclib_init                              0x0800cc7b   Thumb Code    60  piclib.o(.text)
    piclib_alpha_blend                       0x0800ccb7   Thumb Code    32  piclib.o(.text)
    ai_draw_init                             0x0800ccd7   Thumb Code   206  piclib.o(.text)
    is_element_ok                            0x0800cda5   Thumb Code    34  piclib.o(.text)
    ai_load_jpg                              0x0800cdc7   Thumb Code   132  piclib.o(.text)
    ai_load_picfile                          0x0800ce4b   Thumb Code   248  piclib.o(.text)
    write_to_txt                             0x0800cf43   Thumb Code   126  piclib.o(.text)
    append_to_file                           0x0800cfc1   Thumb Code   312  piclib.o(.text)
    Draw_Optionsbar                          0x0800d0f9   Thumb Code   120  piclib.o(.text)
    jd_prepare                               0x0800d993   Thumb Code   712  tjpgd.o(.text)
    jd_decomp                                0x0800dc5b   Thumb Code   228  tjpgd.o(.text)
    jpeg_mallocall                           0x0800dd3f   Thumb Code    46  tjpgd.o(.text)
    jpeg_freeall                             0x0800dd6d   Thumb Code    26  tjpgd.o(.text)
    jpeg_in_func                             0x0800dd87   Thumb Code    36  tjpgd.o(.text)
    jpeg_out_func_fill                       0x0800ddab   Thumb Code    50  tjpgd.o(.text)
    jpeg_out_func_point                      0x0800dddd   Thumb Code   160  tjpgd.o(.text)
    jpg_decode                               0x0800de7d   Thumb Code   202  tjpgd.o(.text)
    mp3_index_show                           0x0800df79   Thumb Code    58  mp3player.o(.text)
    Draw_msg                                 0x0800dfb3   Thumb Code    62  mp3player.o(.text)
    mp3_vol_show                             0x0800dff1   Thumb Code    44  mp3player.o(.text)
    mp3_msg_show                             0x0800e01d   Thumb Code   298  mp3player.o(.text)
    mp3_play_song                            0x0800e147   Thumb Code   458  mp3player.o(.text)
    Draw_Menumsg                             0x0800e369   Thumb Code    82  menu.o(.text)
    mp3_Playmode                             0x0800e3bb   Thumb Code   566  menu.o(.text)
    mp3_Sysvolume                            0x0800e5f1   Thumb Code   140  menu.o(.text)
    TXT_SpeedSys                             0x0800e67d   Thumb Code   148  menu.o(.text)
    ColorStyle                               0x0800e711   Thumb Code   728  menu.o(.text)
    System_Funtion                           0x0800e9e9   Thumb Code   474  menu.o(.text)
    __use_no_semihosting                     0x0800ec55   Thumb Code     2  use_no_semi_2.o(.text)
    __2printf                                0x0800ec59   Thumb Code    20  noretval__2printf.o(.text)
    __2sprintf                               0x0800ec71   Thumb Code    34  noretval__2sprintf.o(.text)
    _printf_pre_padding                      0x0800ec99   Thumb Code    44  _printf_pad.o(.text)
    _printf_post_padding                     0x0800ecc5   Thumb Code    34  _printf_pad.o(.text)
    _printf_str                              0x0800ece7   Thumb Code    82  _printf_str.o(.text)
    _printf_int_dec                          0x0800ed39   Thumb Code   104  _printf_dec.o(.text)
    _printf_int_hex                          0x0800edb1   Thumb Code    84  _printf_hex_int.o(.text)
    _printf_longlong_hex                     0x0800edb1   Thumb Code     0  _printf_hex_int.o(.text)
    __printf                                 0x0800ee09   Thumb Code   388  __printf_flags_ss_wp.o(.text)
    strcpy                                   0x0800ef91   Thumb Code    72  strcpy.o(.text)
    strlen                                   0x0800efd9   Thumb Code    62  strlen.o(.text)
    strcat                                   0x0800f017   Thumb Code    24  strcat.o(.text)
    __aeabi_memclr4                          0x0800f02f   Thumb Code     0  rt_memclr_w.o(.text)
    __aeabi_memclr8                          0x0800f02f   Thumb Code     0  rt_memclr_w.o(.text)
    __rt_memclr_w                            0x0800f02f   Thumb Code    78  rt_memclr_w.o(.text)
    _memset_w                                0x0800f033   Thumb Code     0  rt_memclr_w.o(.text)
    strcmp                                   0x0800f07d   Thumb Code   128  strcmpv7m.o(.text)
    __use_two_region_memory                  0x0800f0fd   Thumb Code     2  heapauxi.o(.text)
    __rt_heap_escrow$2region                 0x0800f0ff   Thumb Code     2  heapauxi.o(.text)
    __rt_heap_expand$2region                 0x0800f101   Thumb Code     2  heapauxi.o(.text)
    __I$use$semihosting                      0x0800f103   Thumb Code     0  use_no_semi.o(.text)
    __use_no_semihosting_swi                 0x0800f103   Thumb Code     2  use_no_semi.o(.text)
    _printf_int_common                       0x0800f105   Thumb Code   178  _printf_intcommon.o(.text)
    _printf_char_common                      0x0800f1c3   Thumb Code    32  _printf_char_common.o(.text)
    _sputc                                   0x0800f1e9   Thumb Code    10  _sputc.o(.text)
    _printf_cs_common                        0x0800f1f3   Thumb Code    20  _printf_char.o(.text)
    _printf_char                             0x0800f207   Thumb Code    16  _printf_char.o(.text)
    _printf_string                           0x0800f217   Thumb Code     8  _printf_char.o(.text)
    _printf_char_file                        0x0800f221   Thumb Code    32  _printf_char_file.o(.text)
    ferror                                   0x0800f245   Thumb Code     8  ferror.o(.text)
    __user_setup_stackheap                   0x0800f24d   Thumb Code    74  sys_stackheap_outer.o(.text)
    exit                                     0x0800f297   Thumb Code    18  exit.o(.text)
    __user_libspace                          0x0800f2a9   Thumb Code     8  libspace.o(.text)
    __user_perproc_libspace                  0x0800f2a9   Thumb Code     0  libspace.o(.text)
    __user_perthread_libspace                0x0800f2a9   Thumb Code     0  libspace.o(.text)
    _is_digit                                0x0800f2b1   Thumb Code    14  __printf_wp.o(i._is_digit)
    __aeabi_ddiv                             0x0800f2c1   Thumb Code     0  ddiv.o(x$fpl$ddiv)
    _ddiv                                    0x0800f2c1   Thumb Code   552  ddiv.o(x$fpl$ddiv)
    __aeabi_d2uiz                            0x0800f571   Thumb Code     0  dfixu.o(x$fpl$dfixu)
    _dfixu                                   0x0800f571   Thumb Code    90  dfixu.o(x$fpl$dfixu)
    __aeabi_ui2d                             0x0800f5cb   Thumb Code     0  dflt_clz.o(x$fpl$dfltu)
    _dfltu                                   0x0800f5cb   Thumb Code    38  dflt_clz.o(x$fpl$dfltu)
    __aeabi_dmul                             0x0800f5f1   Thumb Code     0  dmul.o(x$fpl$dmul)
    _dmul                                    0x0800f5f1   Thumb Code   332  dmul.o(x$fpl$dmul)
    __fpl_dnaninf                            0x0800f745   Thumb Code   156  dnaninf.o(x$fpl$dnaninf)
    __fpl_dretinf                            0x0800f7e1   Thumb Code    12  dretinf.o(x$fpl$dretinf)
    __aeabi_fadd                             0x0800f7ed   Thumb Code     0  faddsub_clz.o(x$fpl$fadd)
    _fadd                                    0x0800f7ed   Thumb Code   196  faddsub_clz.o(x$fpl$fadd)
    __fpl_fcheck_NaN1                        0x0800f8b1   Thumb Code     6  fcheck1.o(x$fpl$fcheck1)
    __fpl_fcmp_Inf                           0x0800f8bd   Thumb Code    24  fcmpi.o(x$fpl$fcmpinf)
    __aeabi_fdiv                             0x0800f8d5   Thumb Code     0  fdiv.o(x$fpl$fdiv)
    _fdiv                                    0x0800f8d5   Thumb Code   384  fdiv.o(x$fpl$fdiv)
    __aeabi_cfcmpeq                          0x0800fa59   Thumb Code     0  feqf.o(x$fpl$feqf)
    _fcmpeq                                  0x0800fa59   Thumb Code   104  feqf.o(x$fpl$feqf)
    __aeabi_f2uiz                            0x0800fac1   Thumb Code     0  ffixu.o(x$fpl$ffixu)
    _ffixu                                   0x0800fac1   Thumb Code    62  ffixu.o(x$fpl$ffixu)
    __aeabi_ui2f                             0x0800fb01   Thumb Code     0  fflt_clz.o(x$fpl$ffltu)
    _ffltu                                   0x0800fb01   Thumb Code    38  fflt_clz.o(x$fpl$ffltu)
    __aeabi_cfcmple                          0x0800fb29   Thumb Code     0  fleqf.o(x$fpl$fleqf)
    _fcmple                                  0x0800fb29   Thumb Code   104  fleqf.o(x$fpl$fleqf)
    __fpl_fcmple_InfNaN                      0x0800fb7b   Thumb Code     0  fleqf.o(x$fpl$fleqf)
    __aeabi_fmul                             0x0800fb91   Thumb Code     0  fmul.o(x$fpl$fmul)
    _fmul                                    0x0800fb91   Thumb Code   258  fmul.o(x$fpl$fmul)
    __fpl_fnaninf                            0x0800fc93   Thumb Code   140  fnaninf.o(x$fpl$fnaninf)
    __fpl_fretinf                            0x0800fd1f   Thumb Code    10  fretinf.o(x$fpl$fretinf)
    __aeabi_fsub                             0x0800fd29   Thumb Code     0  faddsub_clz.o(x$fpl$fsub)
    _fsub                                    0x0800fd29   Thumb Code   234  faddsub_clz.o(x$fpl$fsub)
    __fpl_return_NaN                         0x0800fe13   Thumb Code   100  retnan.o(x$fpl$retnan)
    __ARM_scalbnf                            0x0800fe77   Thumb Code    76  scalbnf.o(x$fpl$scalbnf)
    __fpl_cmpreturn                          0x0800fec3   Thumb Code    48  trapv.o(x$fpl$trapveneer)
    __I$use$fp                               0x0800fef2   Number         0  usenofp.o(x$fpl$usenofp)
    asc2_1206                                0x0800fef2   Data        1140  lcd.o(.constdata)
    asc2_1608                                0x08010366   Data        1520  lcd.o(.constdata)
    asc2_2412                                0x08010956   Data        3420  lcd.o(.constdata)
    bitrate                                  0x080116b2   Data          64  vs10xx.o(.constdata)
    _aInterlaceOffset                        0x0803c3f4   Data           4  gif.o(.constdata)
    _aInterlaceYPos                          0x0803c3f8   Data           4  gif.o(.constdata)
    _aMaskTbl                                0x0803c3fc   Data          32  gif.o(.constdata)
    vs1053b_patch                            0x0803c8dc   Data       10866  mp3player.o(.constdata)
    Region$$Table$$Base                      0x0803f720   Number         0  anon$$obj.o(Region$$Table)
    Region$$Table$$Limit                     0x0803f740   Number         0  anon$$obj.o(Region$$Table)
    SystemCoreClock                          0x20000000   Data           4  system_stm32f10x.o(.data)
    AHBPrescTable                            0x20000004   Data          16  system_stm32f10x.o(.data)
    POINT_COLOR                              0x20000014   Data           2  lcd.o(.data)
    BACK_COLOR                               0x20000016   Data           2  lcd.o(.data)
    ForeColor                                0x20000018   Data           2  lcd.o(.data)
    DemiCOlor                                0x2000001a   Data           2  lcd.o(.data)
    BackColor                                0x2000001c   Data           2  lcd.o(.data)
    SD_Type                                  0x2000001f   Data           1  mmc_sd.o(.data)
    SPI_FLASH_TYPE                           0x20000020   Data           2  flash.o(.data)
    key                                      0x20000022   Data           1  exti.o(.data)
    vsset                                    0x20000023   Data           7  vs10xx.o(.data)
    USART_RX_STA                             0x2000002e   Data           2  usart.o(.data)
    __stdout                                 0x20000030   Data           4  usart.o(.data)
    mallco_dev                               0x20000048   Data          20  malloc.o(.data)
    sys_cmd_tab                              0x2000005c   Data          28  usmart.o(.data)
    usmart_nametab                           0x20000078   Data         208  usmart_config.o(.data)
    usmart_dev                               0x20000148   Data         244  usmart_config.o(.data)
    file                                     0x2000023c   Data           4  exfuns.o(.data)
    ftemp                                    0x20000240   Data           4  exfuns.o(.data)
    fatbuf                                   0x20000244   Data           4  exfuns.o(.data)
    fs                                       0x20000248   Data           8  exfuns.o(.data)
    FILE_TYPE_TBL                            0x20000250   Data         312  exfuns.o(.data)
    br                                       0x20000388   Data           4  exfuns.o(.data)
    bw                                       0x2000038c   Data           4  exfuns.o(.data)
    FLASH_SECTOR_COUNT                       0x20000390   Data           2  diskio.o(.data)
    GBK24_PATH                               0x200003a0   Data           4  fontupd.o(.data)
    GBK16_PATH                               0x200003a4   Data           4  fontupd.o(.data)
    GBK12_PATH                               0x200003a8   Data           4  fontupd.o(.data)
    UNIGBK_PATH                              0x200003ac   Data           4  fontupd.o(.data)
    TXT_Speed                                0x200003b0   Data           2  text.o(.data)
    gifdecoding                              0x200003b2   Data           1  gif.o(.data)
    f_jpeg                                   0x200003b4   Data           4  tjpgd.o(.data)
    jpeg_dev                                 0x200003b8   Data           4  tjpgd.o(.data)
    jpg_buffer                               0x200003bc   Data           4  tjpgd.o(.data)
    mp3_play_mode                            0x200003c0   Data           1  mp3player.o(.data)
    mp3_state_flag                           0x200003c1   Data           1  mp3player.o(.data)
    f_kbps                                   0x200003c2   Data           2  mp3player.o(.data)
    filename_link                            0x200003c8   Data        2400  main.o(.bss)
    lcddev                                   0x20000d28   Data          14  lcd.o(.bss)
    SPI_InitStructure                        0x20000d36   Data          18  spi.o(.bss)
    USART_RX_BUF                             0x20000d48   Data         200  usart.o(.bss)
    membase                                  0x20000e10   Data       35840  malloc.o(.bss)
    memmapbase                               0x20009a10   Data        2240  malloc.o(.bss)
    fileinfo                                 0x2000a2d0   Data          32  exfuns.o(.bss)
    dir                                      0x2000a2f0   Data          36  exfuns.o(.bss)
    ftinfo                                   0x2000a314   Data          33  fontupd.o(.bss)
    page                                     0x2000a336   Data         102  text.o(.bss)
    picinfo                                  0x2000a39c   Data          40  piclib.o(.bss)
    pic_phy                                  0x2000a3c4   Data          20  piclib.o(.bss)
    __libspace_start                         0x2000a3d8   Data          96  libspace.o(.bss)
    __temporary_stack_top$libspace           0x2000a438   Data           0  libspace.o(.bss)



==============================================================================

Memory Map of the image

  Image Entry point : 0x08000131

  Load Region LR_IROM1 (Base: 0x08000000, Size: 0x0003fb08, Max: 0x00040000, ABSOLUTE, COMPRESSED[0x0003f8ac])

    Execution Region ER_IROM1 (Exec base: 0x08000000, Load base: 0x08000000, Size: 0x0003f740, Max: 0x00040000, ABSOLUTE)

    Exec Addr    Load Addr    Size         Type   Attr      Idx    E Section Name        Object

    0x08000000   0x08000000   0x00000130   Data   RO          491    RESET               startup_stm32f10x_hd.o
    0x08000130   0x08000130   0x00000008   Code   RO         1007  * !!!main             c_w.l(__main.o)
    0x08000138   0x08000138   0x00000034   Code   RO         1242    !!!scatter          c_w.l(__scatter.o)
    0x0800016c   0x0800016c   0x0000005a   Code   RO         1240    !!dczerorl2         c_w.l(__dczerorl2.o)
    0x080001c6   0x080001c6   0x00000002   PAD
    0x080001c8   0x080001c8   0x0000001c   Code   RO         1244    !!handler_zi        c_w.l(__scatter_zi.o)
    0x080001e4   0x080001e4   0x00000000   Code   RO          994    .ARM.Collect$$_printf_percent$$00000000  c_w.l(_printf_percent.o)
    0x080001e4   0x080001e4   0x00000006   Code   RO          992    .ARM.Collect$$_printf_percent$$00000009  c_w.l(_printf_d.o)
    0x080001ea   0x080001ea   0x00000006   Code   RO          993    .ARM.Collect$$_printf_percent$$0000000A  c_w.l(_printf_u.o)
    0x080001f0   0x080001f0   0x00000006   Code   RO          991    .ARM.Collect$$_printf_percent$$0000000C  c_w.l(_printf_x.o)
    0x080001f6   0x080001f6   0x00000006   Code   RO          989    .ARM.Collect$$_printf_percent$$00000013  c_w.l(_printf_c.o)
    0x080001fc   0x080001fc   0x00000006   Code   RO          990    .ARM.Collect$$_printf_percent$$00000014  c_w.l(_printf_s.o)
    0x08000202   0x08000202   0x00000004   Code   RO         1066    .ARM.Collect$$_printf_percent$$00000017  c_w.l(_printf_percent_end.o)
    0x08000206   0x08000206   0x00000002   Code   RO         1112    .ARM.Collect$$libinit$$00000000  c_w.l(libinit.o)
    0x08000208   0x08000208   0x00000000   Code   RO         1121    .ARM.Collect$$libinit$$00000002  c_w.l(libinit2.o)
    0x08000208   0x08000208   0x00000000   Code   RO         1123    .ARM.Collect$$libinit$$00000004  c_w.l(libinit2.o)
    0x08000208   0x08000208   0x00000000   Code   RO         1126    .ARM.Collect$$libinit$$0000000A  c_w.l(libinit2.o)
    0x08000208   0x08000208   0x00000000   Code   RO         1128    .ARM.Collect$$libinit$$0000000C  c_w.l(libinit2.o)
    0x08000208   0x08000208   0x00000000   Code   RO         1130    .ARM.Collect$$libinit$$0000000E  c_w.l(libinit2.o)
    0x08000208   0x08000208   0x00000000   Code   RO         1133    .ARM.Collect$$libinit$$00000011  c_w.l(libinit2.o)
    0x08000208   0x08000208   0x00000000   Code   RO         1135    .ARM.Collect$$libinit$$00000013  c_w.l(libinit2.o)
    0x08000208   0x08000208   0x00000000   Code   RO         1137    .ARM.Collect$$libinit$$00000015  c_w.l(libinit2.o)
    0x08000208   0x08000208   0x00000000   Code   RO         1139    .ARM.Collect$$libinit$$00000017  c_w.l(libinit2.o)
    0x08000208   0x08000208   0x00000000   Code   RO         1141    .ARM.Collect$$libinit$$00000019  c_w.l(libinit2.o)
    0x08000208   0x08000208   0x00000000   Code   RO         1143    .ARM.Collect$$libinit$$0000001B  c_w.l(libinit2.o)
    0x08000208   0x08000208   0x00000000   Code   RO         1145    .ARM.Collect$$libinit$$0000001D  c_w.l(libinit2.o)
    0x08000208   0x08000208   0x00000000   Code   RO         1147    .ARM.Collect$$libinit$$0000001F  c_w.l(libinit2.o)
    0x08000208   0x08000208   0x00000000   Code   RO         1149    .ARM.Collect$$libinit$$00000021  c_w.l(libinit2.o)
    0x08000208   0x08000208   0x00000000   Code   RO         1151    .ARM.Collect$$libinit$$00000023  c_w.l(libinit2.o)
    0x08000208   0x08000208   0x00000000   Code   RO         1153    .ARM.Collect$$libinit$$00000025  c_w.l(libinit2.o)
    0x08000208   0x08000208   0x00000000   Code   RO         1157    .ARM.Collect$$libinit$$0000002C  c_w.l(libinit2.o)
    0x08000208   0x08000208   0x00000000   Code   RO         1159    .ARM.Collect$$libinit$$0000002E  c_w.l(libinit2.o)
    0x08000208   0x08000208   0x00000000   Code   RO         1161    .ARM.Collect$$libinit$$00000030  c_w.l(libinit2.o)
    0x08000208   0x08000208   0x00000000   Code   RO         1163    .ARM.Collect$$libinit$$00000032  c_w.l(libinit2.o)
    0x08000208   0x08000208   0x00000002   Code   RO         1164    .ARM.Collect$$libinit$$00000033  c_w.l(libinit2.o)
    0x0800020a   0x0800020a   0x00000002   Code   RO         1182    .ARM.Collect$$libshutdown$$00000000  c_w.l(libshutdown.o)
    0x0800020c   0x0800020c   0x00000000   Code   RO         1192    .ARM.Collect$$libshutdown$$00000002  c_w.l(libshutdown2.o)
    0x0800020c   0x0800020c   0x00000000   Code   RO         1194    .ARM.Collect$$libshutdown$$00000004  c_w.l(libshutdown2.o)
    0x0800020c   0x0800020c   0x00000000   Code   RO         1197    .ARM.Collect$$libshutdown$$00000007  c_w.l(libshutdown2.o)
    0x0800020c   0x0800020c   0x00000000   Code   RO         1200    .ARM.Collect$$libshutdown$$0000000A  c_w.l(libshutdown2.o)
    0x0800020c   0x0800020c   0x00000000   Code   RO         1202    .ARM.Collect$$libshutdown$$0000000C  c_w.l(libshutdown2.o)
    0x0800020c   0x0800020c   0x00000000   Code   RO         1205    .ARM.Collect$$libshutdown$$0000000F  c_w.l(libshutdown2.o)
    0x0800020c   0x0800020c   0x00000002   Code   RO         1206    .ARM.Collect$$libshutdown$$00000010  c_w.l(libshutdown2.o)
    0x0800020e   0x0800020e   0x00000000   Code   RO         1055    .ARM.Collect$$rtentry$$00000000  c_w.l(__rtentry.o)
    0x0800020e   0x0800020e   0x00000000   Code   RO         1081    .ARM.Collect$$rtentry$$00000002  c_w.l(__rtentry2.o)
    0x0800020e   0x0800020e   0x00000006   Code   RO         1093    .ARM.Collect$$rtentry$$00000004  c_w.l(__rtentry4.o)
    0x08000214   0x08000214   0x00000000   Code   RO         1083    .ARM.Collect$$rtentry$$00000009  c_w.l(__rtentry2.o)
    0x08000214   0x08000214   0x00000004   Code   RO         1084    .ARM.Collect$$rtentry$$0000000A  c_w.l(__rtentry2.o)
    0x08000218   0x08000218   0x00000000   Code   RO         1086    .ARM.Collect$$rtentry$$0000000C  c_w.l(__rtentry2.o)
    0x08000218   0x08000218   0x00000008   Code   RO         1087    .ARM.Collect$$rtentry$$0000000D  c_w.l(__rtentry2.o)
    0x08000220   0x08000220   0x00000002   Code   RO         1118    .ARM.Collect$$rtexit$$00000000  c_w.l(rtexit.o)
    0x08000222   0x08000222   0x00000000   Code   RO         1166    .ARM.Collect$$rtexit$$00000002  c_w.l(rtexit2.o)
    0x08000222   0x08000222   0x00000004   Code   RO         1167    .ARM.Collect$$rtexit$$00000003  c_w.l(rtexit2.o)
    0x08000226   0x08000226   0x00000006   Code   RO         1168    .ARM.Collect$$rtexit$$00000004  c_w.l(rtexit2.o)
    0x0800022c   0x0800022c   0x000007c8   Code   RO            1    .text               main.o
    0x080009f4   0x080009f4   0x00000012   Code   RO          204    .text               stm32f10x_it.o
    0x08000a06   0x08000a06   0x00000002   PAD
    0x08000a08   0x08000a08   0x00000158   Code   RO          245    .text               system_stm32f10x.o
    0x08000b60   0x08000b60   0x00000054   Code   RO          263    .text               led.o
    0x08000bb4   0x08000bb4   0x000037c4   Code   RO          275    .text               lcd.o
    0x08004378   0x08004378   0x00000100   Code   RO          309    .text               key.o
    0x08004478   0x08004478   0x000000e0   Code   RO          322    .text               spi.o
    0x08004558   0x08004558   0x000004a8   Code   RO          340    .text               mmc_sd.o
    0x08004a00   0x08004a00   0x00000338   Code   RO          359    .text               flash.o
    0x08004d38   0x08004d38   0x00000158   Code   RO          382    .text               exti.o
    0x08004e90   0x08004e90   0x0000061c   Code   RO          400    .text               vs10xx.o
    0x080054ac   0x080054ac   0x00000098   Code   RO          424    .text               delay.o
    0x08005544   0x08005544   0x00000114   Code   RO          455    .text               usart.o
    0x08005658   0x08005658   0x00000040   Code   RO          492    .text               startup_stm32f10x_hd.o
    0x08005698   0x08005698   0x00000264   Code   RO          496    .text               stm32f10x_gpio.o
    0x080058fc   0x080058fc   0x000002b8   Code   RO          508    .text               stm32f10x_rcc.o
    0x08005bb4   0x08005bb4   0x00000328   Code   RO          522    .text               stm32f10x_usart.o
    0x08005edc   0x08005edc   0x000000b0   Code   RO          534    .text               misc.o
    0x08005f8c   0x08005f8c   0x00000274   Code   RO          546    .text               stm32f10x_spi.o
    0x08006200   0x08006200   0x00000af0   Code   RO          558    .text               stm32f10x_tim.o
    0x08006cf0   0x08006cf0   0x000000e8   Code   RO          571    .text               stm32f10x_exti.o
    0x08006dd8   0x08006dd8   0x00000150   Code   RO          583    .text               malloc.o
    0x08006f28   0x08006f28   0x00000b0c   Code   RO          607    .text               usmart.o
    0x08007a34   0x08007a34   0x00000420   Code   RO          641    .text               usmart_str.o
    0x08007e54   0x08007e54   0x00000120   Code   RO          654    .text               exfuns.o
    0x08007f74   0x08007f74   0x000005f8   Code   RO          688    .text               fattester.o
    0x0800856c   0x0800856c   0x0000015c   Code   RO          704    .text               diskio.o
    0x080086c8   0x080086c8   0x000028e4   Code   RO          726    .text               ff.o
    0x0800afac   0x0800afac   0x00000070   Code   RO          745    .text               cc936.o
    0x0800b01c   0x0800b01c   0x000002e0   Code   RO          768    .text               fontupd.o
    0x0800b2fc   0x0800b2fc   0x000007d4   Code   RO          789    .text               text.o
    0x0800bad0   0x0800bad0   0x00000684   Code   RO          809    .text               bmp.o
    0x0800c154   0x0800c154   0x00000ae8   Code   RO          821    .text               gif.o
    0x0800cc3c   0x0800cc3c   0x00000540   Code   RO          841    .text               piclib.o
    0x0800d17c   0x0800d17c   0x00000dfc   Code   RO          859    .text               tjpgd.o
    0x0800df78   0x0800df78   0x000003f0   Code   RO          892    .text               mp3player.o
    0x0800e368   0x0800e368   0x000008ec   Code   RO          915    .text               menu.o
    0x0800ec54   0x0800ec54   0x00000002   Code   RO          930    .text               c_w.l(use_no_semi_2.o)
    0x0800ec56   0x0800ec56   0x00000002   PAD
    0x0800ec58   0x0800ec58   0x00000018   Code   RO          936    .text               c_w.l(noretval__2printf.o)
    0x0800ec70   0x0800ec70   0x00000028   Code   RO          938    .text               c_w.l(noretval__2sprintf.o)
    0x0800ec98   0x0800ec98   0x0000004e   Code   RO          942    .text               c_w.l(_printf_pad.o)
    0x0800ece6   0x0800ece6   0x00000052   Code   RO          944    .text               c_w.l(_printf_str.o)
    0x0800ed38   0x0800ed38   0x00000078   Code   RO          946    .text               c_w.l(_printf_dec.o)
    0x0800edb0   0x0800edb0   0x00000058   Code   RO          951    .text               c_w.l(_printf_hex_int.o)
    0x0800ee08   0x0800ee08   0x00000188   Code   RO          986    .text               c_w.l(__printf_flags_ss_wp.o)
    0x0800ef90   0x0800ef90   0x00000048   Code   RO          995    .text               c_w.l(strcpy.o)
    0x0800efd8   0x0800efd8   0x0000003e   Code   RO          997    .text               c_w.l(strlen.o)
    0x0800f016   0x0800f016   0x00000018   Code   RO          999    .text               c_w.l(strcat.o)
    0x0800f02e   0x0800f02e   0x0000004e   Code   RO         1001    .text               c_w.l(rt_memclr_w.o)
    0x0800f07c   0x0800f07c   0x00000080   Code   RO         1003    .text               c_w.l(strcmpv7m.o)
    0x0800f0fc   0x0800f0fc   0x00000006   Code   RO         1005    .text               c_w.l(heapauxi.o)
    0x0800f102   0x0800f102   0x00000002   Code   RO         1053    .text               c_w.l(use_no_semi.o)
    0x0800f104   0x0800f104   0x000000b2   Code   RO         1056    .text               c_w.l(_printf_intcommon.o)
    0x0800f1b6   0x0800f1b6   0x00000002   PAD
    0x0800f1b8   0x0800f1b8   0x00000030   Code   RO         1058    .text               c_w.l(_printf_char_common.o)
    0x0800f1e8   0x0800f1e8   0x0000000a   Code   RO         1060    .text               c_w.l(_sputc.o)
    0x0800f1f2   0x0800f1f2   0x0000002c   Code   RO         1062    .text               c_w.l(_printf_char.o)
    0x0800f21e   0x0800f21e   0x00000002   PAD
    0x0800f220   0x0800f220   0x00000024   Code   RO         1064    .text               c_w.l(_printf_char_file.o)
    0x0800f244   0x0800f244   0x00000008   Code   RO         1097    .text               c_w.l(ferror.o)
    0x0800f24c   0x0800f24c   0x0000004a   Code   RO         1103    .text               c_w.l(sys_stackheap_outer.o)
    0x0800f296   0x0800f296   0x00000012   Code   RO         1105    .text               c_w.l(exit.o)
    0x0800f2a8   0x0800f2a8   0x00000008   Code   RO         1115    .text               c_w.l(libspace.o)
    0x0800f2b0   0x0800f2b0   0x0000000e   Code   RO          979    i._is_digit         c_w.l(__printf_wp.o)
    0x0800f2be   0x0800f2be   0x00000002   PAD
    0x0800f2c0   0x0800f2c0   0x000002b0   Code   RO         1010    x$fpl$ddiv          fz_ws.l(ddiv.o)
    0x0800f570   0x0800f570   0x0000005a   Code   RO         1013    x$fpl$dfixu         fz_ws.l(dfixu.o)
    0x0800f5ca   0x0800f5ca   0x00000026   Code   RO         1017    x$fpl$dfltu         fz_ws.l(dflt_clz.o)
    0x0800f5f0   0x0800f5f0   0x00000154   Code   RO         1023    x$fpl$dmul          fz_ws.l(dmul.o)
    0x0800f744   0x0800f744   0x0000009c   Code   RO         1067    x$fpl$dnaninf       fz_ws.l(dnaninf.o)
    0x0800f7e0   0x0800f7e0   0x0000000c   Code   RO         1069    x$fpl$dretinf       fz_ws.l(dretinf.o)
    0x0800f7ec   0x0800f7ec   0x000000c4   Code   RO         1025    x$fpl$fadd          fz_ws.l(faddsub_clz.o)
    0x0800f8b0   0x0800f8b0   0x0000000c   Code   RO         1071    x$fpl$fcheck1       fz_ws.l(fcheck1.o)
    0x0800f8bc   0x0800f8bc   0x00000018   Code   RO         1073    x$fpl$fcmpinf       fz_ws.l(fcmpi.o)
    0x0800f8d4   0x0800f8d4   0x00000184   Code   RO         1032    x$fpl$fdiv          fz_ws.l(fdiv.o)
    0x0800fa58   0x0800fa58   0x00000068   Code   RO         1035    x$fpl$feqf          fz_ws.l(feqf.o)
    0x0800fac0   0x0800fac0   0x0000003e   Code   RO         1037    x$fpl$ffixu         fz_ws.l(ffixu.o)
    0x0800fafe   0x0800fafe   0x00000002   PAD
    0x0800fb00   0x0800fb00   0x00000026   Code   RO         1041    x$fpl$ffltu         fz_ws.l(fflt_clz.o)
    0x0800fb26   0x0800fb26   0x00000002   PAD
    0x0800fb28   0x0800fb28   0x00000068   Code   RO         1047    x$fpl$fleqf         fz_ws.l(fleqf.o)
    0x0800fb90   0x0800fb90   0x00000102   Code   RO         1049    x$fpl$fmul          fz_ws.l(fmul.o)
    0x0800fc92   0x0800fc92   0x0000008c   Code   RO         1075    x$fpl$fnaninf       fz_ws.l(fnaninf.o)
    0x0800fd1e   0x0800fd1e   0x0000000a   Code   RO         1077    x$fpl$fretinf       fz_ws.l(fretinf.o)
    0x0800fd28   0x0800fd28   0x000000ea   Code   RO         1027    x$fpl$fsub          fz_ws.l(faddsub_clz.o)
    0x0800fe12   0x0800fe12   0x00000064   Code   RO         1101    x$fpl$retnan        fz_ws.l(retnan.o)
    0x0800fe76   0x0800fe76   0x0000004c   Code   RO         1051    x$fpl$scalbnf       fz_ws.l(scalbnf.o)
    0x0800fec2   0x0800fec2   0x00000030   Code   RO         1113    x$fpl$trapveneer    fz_ws.l(trapv.o)
    0x0800fef2   0x0800fef2   0x00000000   Code   RO         1079    x$fpl$usenofp       fz_ws.l(usenofp.o)
    0x0800fef2   0x0800fef2   0x000017c0   Data   RO          277    .constdata          lcd.o
    0x080116b2   0x080116b2   0x00000040   Data   RO          401    .constdata          vs10xx.o
    0x080116f2   0x080116f2   0x0000003a   Data   RO          727    .constdata          ff.o
    0x0801172c   0x0801172c   0x0002acc8   Data   RO          746    .constdata          cc936.o
    0x0803c3f4   0x0803c3f4   0x00000028   Data   RO          822    .constdata          gif.o
    0x0803c41c   0x0803c41c   0x000004c0   Data   RO          860    .constdata          tjpgd.o
    0x0803c8dc   0x0803c8dc   0x00002a72   Data   RO          893    .constdata          mp3player.o
    0x0803f34e   0x0803f34e   0x00000028   Data   RO          952    .constdata          c_w.l(_printf_hex_int.o)
    0x0803f376   0x0803f376   0x00000011   Data   RO          987    .constdata          c_w.l(__printf_flags_ss_wp.o)
    0x0803f387   0x0803f387   0x00000001   PAD
    0x0803f388   0x0803f388   0x00000028   Data   RO          608    .conststring        usmart.o
    0x0803f3b0   0x0803f3b0   0x00000299   Data   RO          624    .conststring        usmart_config.o
    0x0803f649   0x0803f649   0x00000003   PAD
    0x0803f64c   0x0803f64c   0x00000064   Data   RO          657    .conststring        exfuns.o
    0x0803f6b0   0x0803f6b0   0x0000006d   Data   RO          770    .conststring        fontupd.o
    0x0803f71d   0x0803f71d   0x00000003   PAD
    0x0803f720   0x0803f720   0x00000020   Data   RO         1238    Region$$Table       anon$$obj.o


    Execution Region RW_IRAM1 (Exec base: 0x20000000, Load base: 0x0803f740, Size: 0x0000aa38, Max: 0x0000c000, ABSOLUTE, COMPRESSED[0x0000016c])

    Exec Addr    Load Addr    Size         Type   Attr      Idx    E Section Name        Object

    0x20000000   COMPRESSED   0x00000014   Data   RW          246    .data               system_stm32f10x.o
    0x20000014   COMPRESSED   0x00000004   Data   RW          278    .data               lcd.o
    0x20000018   COMPRESSED   0x00000002   Data   RW          279    .data               lcd.o
    0x2000001a   COMPRESSED   0x00000002   Data   RW          280    .data               lcd.o
    0x2000001c   COMPRESSED   0x00000002   Data   RW          281    .data               lcd.o
    0x2000001e   COMPRESSED   0x00000001   Data   RW          310    .data               key.o
    0x2000001f   COMPRESSED   0x00000001   Data   RW          341    .data               mmc_sd.o
    0x20000020   COMPRESSED   0x00000002   Data   RW          360    .data               flash.o
    0x20000022   COMPRESSED   0x00000001   Data   RW          383    .data               exti.o
    0x20000023   COMPRESSED   0x00000007   Data   RW          402    .data               vs10xx.o
    0x2000002a   COMPRESSED   0x00000004   Data   RW          425    .data               delay.o
    0x2000002e   COMPRESSED   0x00000002   Data   RW          457    .data               usart.o
    0x20000030   COMPRESSED   0x00000004   Data   RW          458    .data               usart.o
    0x20000034   COMPRESSED   0x00000014   Data   RW          509    .data               stm32f10x_rcc.o
    0x20000048   COMPRESSED   0x00000014   Data   RW          589    .data               malloc.o
    0x2000005c   COMPRESSED   0x0000001c   Data   RW          609    .data               usmart.o
    0x20000078   COMPRESSED   0x000000d0   Data   RW          625    .data               usmart_config.o
    0x20000148   COMPRESSED   0x000000f4   Data   RW          626    .data               usmart_config.o
    0x2000023c   COMPRESSED   0x0000014c   Data   RW          658    .data               exfuns.o
    0x20000388   COMPRESSED   0x00000004   Data   RW          659    .data               exfuns.o
    0x2000038c   COMPRESSED   0x00000004   Data   RW          660    .data               exfuns.o
    0x20000390   COMPRESSED   0x00000002   Data   RW          705    .data               diskio.o
    0x20000392   COMPRESSED   0x00000002   PAD
    0x20000394   COMPRESSED   0x0000000c   Data   RW          728    .data               ff.o
    0x200003a0   COMPRESSED   0x00000010   Data   RW          771    .data               fontupd.o
    0x200003b0   COMPRESSED   0x00000002   Data   RW          791    .data               text.o
    0x200003b2   COMPRESSED   0x00000001   Data   RW          823    .data               gif.o
    0x200003b3   COMPRESSED   0x00000001   PAD
    0x200003b4   COMPRESSED   0x0000000c   Data   RW          861    .data               tjpgd.o
    0x200003c0   COMPRESSED   0x00000006   Data   RW          894    .data               mp3player.o
    0x200003c6   COMPRESSED   0x00000002   PAD
    0x200003c8        -       0x00000960   Zero   RW            2    .bss                main.o
    0x20000d28        -       0x0000000e   Zero   RW          276    .bss                lcd.o
    0x20000d36        -       0x00000012   Zero   RW          323    .bss                spi.o
    0x20000d48        -       0x000000c8   Zero   RW          456    .bss                usart.o
    0x20000e10        -       0x00008c00   Zero   RW          584    .bss                malloc.o
    0x20009a10        -       0x000008c0   Zero   RW          585    .bss                malloc.o
    0x2000a2d0        -       0x00000020   Zero   RW          655    .bss                exfuns.o
    0x2000a2f0        -       0x00000024   Zero   RW          656    .bss                exfuns.o
    0x2000a314        -       0x00000021   Zero   RW          769    .bss                fontupd.o
    0x2000a335   COMPRESSED   0x00000001   PAD
    0x2000a336        -       0x00000066   Zero   RW          790    .bss                text.o
    0x2000a39c        -       0x0000003c   Zero   RW          842    .bss                piclib.o
    0x2000a3d8        -       0x00000060   Zero   RW         1116    .bss                c_w.l(libspace.o)
    0x2000a438        -       0x00000200   Zero   RW          490    HEAP                startup_stm32f10x_hd.o
    0x2000a638        -       0x00000400   Zero   RW          489    STACK               startup_stm32f10x_hd.o


==============================================================================

Image component sizes


      Code (inc. data)   RO Data    RW Data    ZI Data      Debug   Object Name

      1668         24          0          0          0       6778   bmp.o
       112         16     175304          0          0       2005   cc936.o
       152         14          0          4          0       1023   delay.o
       348         14          0          2          0       3878   diskio.o
       288          4        100        340         68       5058   exfuns.o
       344         14          0          1          0       1692   exti.o
      1528        686          0          0          0       5668   fattester.o
     10468        132         58         12          0      38656   ff.o
       824         14          0          2          0       4777   flash.o
       736        116        109         16         33       3696   fontupd.o
      2792         22         40          1          0      10964   gif.o
       256         16          0          1          0        872   key.o
     14276        114       6080         10         14      20489   lcd.o
        84         10          0          0          0        471   led.o
      1992        270          0          0       2400     269651   main.o
       336          4          0         20      38080       4059   malloc.o
      2284        302          0          0          0       2693   menu.o
       176         14          0          0          0       1837   misc.o
      1192         18          0          1          0       6664   mmc_sd.o
      1008         88      10866          6          0       3614   mp3player.o
      1344        202          0          0         60       6314   piclib.o
       224         12          0          0         18       1257   spi.o
        64         26        304          0       1536        764   startup_stm32f10x_hd.o
       232          8          0          0          0       2343   stm32f10x_exti.o
       612         36          0          0          0       5965   stm32f10x_gpio.o
        18          0          0          0          0       1126   stm32f10x_it.o
       696         32          0         20          0       8912   stm32f10x_rcc.o
       628         14          0          0          0       6990   stm32f10x_spi.o
      2800         84          0          0          0      23902   stm32f10x_tim.o
       808         22          0          0          0       8828   stm32f10x_usart.o
         0          0          0          0          0         32   sys.o
       344         34          0         20          0       1687   system_stm32f10x.o
      2004        100          0          2        102       7367   text.o
      3580         56       1216         12          0      18421   tjpgd.o
       276         16          0          6        200       3130   usart.o
      2828       1294         40         28          0       4512   usmart.o
         0          0        665        452          0       1496   usmart_config.o
      1056         12          0          0          0       5987   usmart_str.o
      1564         32         64          7          0       9931   vs10xx.o

    ----------------------------------------------------------------------
     59944       3872     194884        968      42512     513509   Object Totals
         0          0         32          0          0          0   (incl. Generated)
         2          0          6          5          1          0   (incl. Padding)

    ----------------------------------------------------------------------

      Code (inc. data)   RO Data    RW Data    ZI Data      Debug   Library Member Name

        90          0          0          0          0          0   __dczerorl2.o
         8          0          0          0          0         68   __main.o
       392          4         17          0          0         92   __printf_flags_ss_wp.o
        14          0          0          0          0         68   __printf_wp.o
         0          0          0          0          0          0   __rtentry.o
        12          0          0          0          0          0   __rtentry2.o
         6          0          0          0          0          0   __rtentry4.o
        52          8          0          0          0          0   __scatter.o
        28          0          0          0          0          0   __scatter_zi.o
         6          0          0          0          0          0   _printf_c.o
        44          0          0          0          0        108   _printf_char.o
        48          6          0          0          0         96   _printf_char_common.o
        36          4          0          0          0         80   _printf_char_file.o
         6          0          0          0          0          0   _printf_d.o
       120         16          0          0          0         92   _printf_dec.o
        88          4         40          0          0         88   _printf_hex_int.o
       178          0          0          0          0         88   _printf_intcommon.o
        78          0          0          0          0        108   _printf_pad.o
         0          0          0          0          0          0   _printf_percent.o
         4          0          0          0          0          0   _printf_percent_end.o
         6          0          0          0          0          0   _printf_s.o
        82          0          0          0          0         80   _printf_str.o
         6          0          0          0          0          0   _printf_u.o
         6          0          0          0          0          0   _printf_x.o
        10          0          0          0          0         68   _sputc.o
        18          0          0          0          0         80   exit.o
         8          0          0          0          0         68   ferror.o
         6          0          0          0          0        152   heapauxi.o
         2          0          0          0          0          0   libinit.o
         2          0          0          0          0          0   libinit2.o
         2          0          0          0          0          0   libshutdown.o
         2          0          0          0          0          0   libshutdown2.o
         8          4          0          0         96         68   libspace.o
        24          4          0          0          0         84   noretval__2printf.o
        40          6          0          0          0         84   noretval__2sprintf.o
        78          0          0          0          0         80   rt_memclr_w.o
         2          0          0          0          0          0   rtexit.o
        10          0          0          0          0          0   rtexit2.o
        24          0          0          0          0         68   strcat.o
       128          0          0          0          0         68   strcmpv7m.o
        72          0          0          0          0         80   strcpy.o
        62          0          0          0          0         76   strlen.o
        74          0          0          0          0         80   sys_stackheap_outer.o
         2          0          0          0          0         68   use_no_semi.o
         2          0          0          0          0         68   use_no_semi_2.o
       688        140          0          0          0        208   ddiv.o
        90          4          0          0          0         92   dfixu.o
        38          0          0          0          0         68   dflt_clz.o
       340         12          0          0          0        104   dmul.o
       156          4          0          0          0         92   dnaninf.o
        12          0          0          0          0         68   dretinf.o
       430          8          0          0          0        168   faddsub_clz.o
        12          4          0          0          0         68   fcheck1.o
        24          0          0          0          0         68   fcmpi.o
       388         76          0          0          0         96   fdiv.o
       104          4          0          0          0         84   feqf.o
        62          4          0          0          0         84   ffixu.o
        38          0          0          0          0         68   fflt_clz.o
       104          4          0          0          0         84   fleqf.o
       258          4          0          0          0         84   fmul.o
       140          4          0          0          0         84   fnaninf.o
        10          0          0          0          0         68   fretinf.o
       100          0          0          0          0         68   retnan.o
        76          0          0          0          0         68   scalbnf.o
        48          0          0          0          0         68   trapv.o
         0          0          0          0          0          0   usenofp.o

    ----------------------------------------------------------------------
      5018        324         58          0         96       3952   Library Totals
        14          0          1          0          0          0   (incl. Padding)

    ----------------------------------------------------------------------

      Code (inc. data)   RO Data    RW Data    ZI Data      Debug   Library Name

      1886         56         57          0         96       2160   c_w.l
      3118        268          0          0          0       1792   fz_ws.l

    ----------------------------------------------------------------------
      5018        324         58          0         96       3952   Library Totals

    ----------------------------------------------------------------------

==============================================================================


      Code (inc. data)   RO Data    RW Data    ZI Data      Debug   

     64962       4196     194942        968      42608     511113   Grand Totals
     64962       4196     194942        364      42608     511113   ELF Image Totals (compressed)
     64962       4196     194942        364          0          0   ROM Totals

==============================================================================

    Total RO  Size (Code + RO Data)               259904 ( 253.81kB)
    Total RW  Size (RW Data + ZI Data)             43576 (  42.55kB)
    Total ROM Size (Code + RO Data + RW Data)     260268 ( 254.17kB)

==============================================================================

